Component: ARM Compiler 5.06 update 4 (build 422) Tool: armlink [4d35d2]

==============================================================================

Section Cross References

    main.o(.ARM.exidx) refers to main.o(.rev16_text) for __asm___6_main_c_main____REV16
    main.o(.ARM.exidx) refers to main.o(.revsh_text) for __asm___6_main_c_main____REVSH
    main.o(.text) refers to os_cpu_c.o(.text) for OS_CPU_SysTickInit
    main.o(.text) refers to os_core.o(.text) for OSStatInit
    main.o(.text) refers to task.o(.text) for App_Task
    main.o(.text) refers to os_time.o(.text) for OSTimeDlyHMSM
    main.o(.text) refers to os_cpu_a.o(.text) for CPU_IntDis
    main.o(.text) refers to os_task.o(.text) for OSTaskCreateExt
    main.o(.text) refers to system_stm32f4xx.o(.data) for SystemCoreClock
    main.o(.text) refers to main.o(.bss) for App_TaskStartStk
    main.o(.ARM.exidx) refers to main.o(.text) for .text
    main.o(.ARM.exidx) refers to unwind_pr0.o(.text) for __aeabi_unwind_cpp_pr0
    task.o(.ARM.exidx) refers to task.o(.rev16_text) for __asm___6_task_c_App_Task____REV16
    task.o(.ARM.exidx) refers to task.o(.revsh_text) for __asm___6_task_c_App_Task____REVSH
    task.o(.text) refers to os_sem.o(.text) for OSSemSet
    task.o(.text) refers to flash.o(.text) for GetFlashUpdataFlag
    task.o(.text) refers to motion_attitude_algorithm.o(.text) for updateAngle
    task.o(.text) refers to temperature_control.o(.text) for temperature_control
    task.o(.text) refers to pos.o(.text) for calculatePos
    task.o(.text) refers to customer.o(.text) for DataSend
    task.o(.text) refers to vdoff.o(.text) for UpdateVDoffTable
    task.o(.text) refers to misc.o(.text) for NVIC_PriorityGroupConfig
    task.o(.text) refers to timer.o(.text) for TIM_Delayms
    task.o(.text) refers to stm32f4xx_tim.o(.text) for TIM_SetCompare3
    task.o(.text) refers to spi.o(.text) for SPI1_Init
    task.o(.text) refers to icm_20608_g.o(.text) for ICM20608G_init
    task.o(.text) refers to usart.o(.text) for USART1_Init
    task.o(.text) refers to os_task.o(.text) for OSTaskSuspend
    task.o(.text) refers to task.o(.data) for Update
    task.o(.text) refers to task.o(.bss) for App_ConfigStk
    task.o(.ARM.exidx) refers to task.o(.text) for .text
    task.o(.ARM.exidx) refers to unwind_pr0.o(.text) for __aeabi_unwind_cpp_pr0
    stm32f4xx_it.o(.ARM.exidx) refers to stm32f4xx_it.o(.rev16_text) for __asm___14_stm32f4xx_it_c_2b4ec856____REV16
    stm32f4xx_it.o(.ARM.exidx) refers to stm32f4xx_it.o(.revsh_text) for __asm___14_stm32f4xx_it_c_2b4ec856____REVSH
    stm32f4xx_it.o(.text) refers to os_cpu_a.o(.text) for OS_CPU_SR_Save
    stm32f4xx_it.o(.text) refers to stm32f4xx_tim.o(.text) for TIM_GetITStatus
    stm32f4xx_it.o(.text) refers to os_sem.o(.text) for OSSemPost
    stm32f4xx_it.o(.text) refers to timer.o(.text) for set_time_sig
    stm32f4xx_it.o(.text) refers to os_core.o(.text) for OSIntExit
    stm32f4xx_it.o(.text) refers to stm32f4xx_usart.o(.text) for USART_GetFlagStatus
    stm32f4xx_it.o(.text) refers to flash.o(.text) for GetFlashUpdataFlag
    stm32f4xx_it.o(.text) refers to motion_attitude_algorithm.o(.text) for resetAngle
    stm32f4xx_it.o(.text) refers to pos.o(.text) for resetPos
    stm32f4xx_it.o(.text) refers to customer.o(.text) for Set_R_Zaxis
    stm32f4xx_it.o(.text) refers to os_core.o(.data) for OSIntNesting
    stm32f4xx_it.o(.text) refers to task.o(.data) for Update
    stm32f4xx_it.o(.text) refers to stm32f4xx_it.o(.data) for status
    stm32f4xx_it.o(.ARM.exidx) refers to stm32f4xx_it.o(.text) for .text
    stm32f4xx_it.o(.ARM.exidx) refers to unwind_pr0.o(.text) for __aeabi_unwind_cpp_pr0
    spi.o(.ARM.exidx) refers to spi.o(.rev16_text) for __asm___5_spi_c_1b04b235____REV16
    spi.o(.ARM.exidx) refers to spi.o(.revsh_text) for __asm___5_spi_c_1b04b235____REVSH
    spi.o(.text) refers to stm32f4xx_rcc.o(.text) for RCC_APB2PeriphClockCmd
    spi.o(.text) refers to stm32f4xx_gpio.o(.text) for GPIO_PinAFConfig
    spi.o(.text) refers to stm32f4xx_spi.o(.text) for SPI_I2S_DeInit
    spi.o(.text) refers to timer.o(.text) for TIM_Delayus
    spi.o(.ARM.exidx) refers to spi.o(.text) for .text
    spi.o(.ARM.exidx) refers to unwind_pr0.o(.text) for __aeabi_unwind_cpp_pr0
    timer.o(.ARM.exidx) refers to timer.o(.rev16_text) for __asm___7_timer_c_TIM_Init____REV16
    timer.o(.ARM.exidx) refers to timer.o(.revsh_text) for __asm___7_timer_c_TIM_Init____REVSH
    timer.o(.text) refers to stm32f4xx_rcc.o(.text) for RCC_APB2PeriphClockCmd
    timer.o(.text) refers to stm32f4xx_tim.o(.text) for TIM_TimeBaseInit
    timer.o(.text) refers to misc.o(.text) for NVIC_Init
    timer.o(.text) refers to timer.o(.data) for time_sig
    timer.o(.ARM.exidx) refers to timer.o(.text) for .text
    timer.o(.ARM.exidx) refers to unwind_pr0.o(.text) for __aeabi_unwind_cpp_pr0
    can.o(.ARM.exidx) refers to can.o(.rev16_text) for __asm___5_can_c_d48001f9____REV16
[...]
    __aeabi_memcpy4                          0x0800b5e9   Thumb Code     0  rt_memcpy_w.o(.text)
    __aeabi_memcpy8                          0x0800b5e9   Thumb Code     0  rt_memcpy_w.o(.text)
    __rt_memcpy_w                            0x0800b5e9   Thumb Code   100  rt_memcpy_w.o(.text)
    _memcpy_lastbytes_aligned                0x0800b631   Thumb Code     0  rt_memcpy_w.o(.text)
    __use_two_region_memory                  0x0800b64d   Thumb Code     2  heapauxi.o(.text)
    __rt_heap_escrow                         0x0800b64f   Thumb Code     2  heapauxi.o(.text)
    __rt_heap_expand                         0x0800b651   Thumb Code     2  heapauxi.o(.text)
    __cpp_initialize__aeabi_                 0x0800b655   Thumb Code    26  init_aeabi.o(.text)
    __cxa_begin_cleanup                      0x0800b679   Thumb Code    54  arm_exceptions_cleanup.o(.text)
    __ARM_cxa_end_cleanup                    0x0800b6af   Thumb Code    70  arm_exceptions_cleanup.o(.text)
    __cxa_allocate_exception                 0x0800b6f5   Thumb Code    82  arm_exceptions_alloc.o(.text)
    __cxa_begin_catch                        0x0800b755   Thumb Code    72  arm_exceptions_begincatch.o(.text)
    __cxa_throw                              0x0800b7df   Thumb Code    54  arm_exceptions_throw.o(.text)
    __cxa_type_match                         0x0800b815   Thumb Code   260  arm_exceptions_throw.o(.text)
    __cxa_end_catch                          0x0800b92d   Thumb Code    74  arm_exceptions_endcatch.o(.text)
    __aeabi_unwind_cpp_pr1                   0x0800b977   Thumb Code     6  unwind_pr1.o(.text)
    __aeabi_unwind_cpp_pr0                   0x0800b97d   Thumb Code     6  unwind_pr0.o(.text)
    __rt_new_handler_addr                    0x0800b985   Thumb Code     8  rt_new_handler_addr_intlibspace.o(.text)
    malloc                                   0x0800b98d   Thumb Code    94  h1_alloc.o(.text)
    free                                     0x0800b9eb   Thumb Code    78  h1_free.o(.text)
    __read_errno                             0x0800ba39   Thumb Code    10  _rserrno.o(.text)
    __set_errno                              0x0800ba43   Thumb Code    12  _rserrno.o(.text)
    __ARM_exceptions_buffer_init             0x0800ba4f   Thumb Code    18  arm_exceptions_mem.o(.text)
    __ARM_exceptions_buffer_allocate         0x0800ba61   Thumb Code    22  arm_exceptions_mem.o(.text)
    __ARM_exceptions_buffer_free             0x0800ba77   Thumb Code    20  arm_exceptions_mem.o(.text)
    __cxa_rethrow                            0x0800ba8b   Thumb Code    82  arm_exceptions_rethrow.o(.text)
    __ARM::call_terminate_handler(_Unwind_Control_Block*) 0x0800badd   Thumb Code    42  arm_exceptions_callterm.o(.text)
    __cxa_call_terminate                     0x0800bb07   Thumb Code    14  arm_exceptions_callterm.o(.text)
    __cxa_call_unexpected                    0x0800bb15   Thumb Code   200  arm_exceptions_callunex.o(.text)
    __ARM::same_exceptions_class(const void*, const void*) 0x0800bbe5   Thumb Code    24  arm_exceptions_support.o(.text)
    __ARM::is_foreign_exception(_Unwind_Control_Block*) 0x0800bbfd   Thumb Code    14  arm_exceptions_support.o(.text)
    __cxa_free_exception                     0x0800bc11   Thumb Code    34  arm_exceptions_free.o(.text)
    std::terminate()                         0x0800bc33   Thumb Code    26  arm_exceptions_terminate.o(.text)
    __cxa_get_globals                        0x0800bc53   Thumb Code    62  arm_exceptions_globs.o(.text)
    __cxa_bad_typeid                         0x0800bc9d   Thumb Code    38  arm_exceptions_bad_typeid.o(.text)
    __ARM::get_foreign_intermediary(__cxa_exception*, _Unwind_Control_Block*) 0x0800bccd   Thumb Code    66  arm_exceptions_foreign.o(.text)
    __ARM_unwind_cpp_prcommon                0x0800bd41   Thumb Code  1474  unwind_prcommon.o(.text)
    _Unwind_VRS_Set                          0x0800c309   Thumb Code    46  unwinder.o(.text)
    _Unwind_VRS_Get                          0x0800c337   Thumb Code    46  unwinder.o(.text)
    _Unwind_VRS_Pop                          0x0800c365   Thumb Code   272  unwinder.o(.text)
    __ARM_unwind_next_frame                  0x0800c54d   Thumb Code    46  unwinder.o(.text)
    __ARM_Unwind_RaiseException              0x0800c57b   Thumb Code   206  unwinder.o(.text)
    __ARM_Unwind_Resume                      0x0800c649   Thumb Code    44  unwinder.o(.text)
    _Unwind_Complete                         0x0800c675   Thumb Code    72  unwinder.o(.text)
    _Unwind_DeleteException                  0x0800c6d5   Thumb Code    14  unwind_delete.o(.text)
    __user_libspace                          0x0800c6e5   Thumb Code     8  libspace.o(.text)
    __user_perproc_libspace                  0x0800c6e5   Thumb Code     0  libspace.o(.text)
    __user_perthread_libspace                0x0800c6e5   Thumb Code     0  libspace.o(.text)
    __rt_heap_descriptor                     0x0800c6ed   Thumb Code     8  rt_heap_descriptor_intlibspace.o(.text)
    __rt_eh_globals_addr                     0x0800c6f5   Thumb Code     8  rt_eh_globals_addr_intlibspace.o(.text)
    __aeabi_errno_addr                       0x0800c6fd   Thumb Code     8  rt_errno_addr_intlibspace.o(.text)
    __errno$intlibspace                      0x0800c6fd   Thumb Code     0  rt_errno_addr_intlibspace.o(.text)
    __rt_errno_addr$intlibspace              0x0800c6fd   Thumb Code     0  rt_errno_addr_intlibspace.o(.text)
    __use_no_heap                            0x0800c705   Thumb Code     2  hguard.o(.text)
    __heap$guard                             0x0800c707   Thumb Code     2  hguard.o(.text)
    _terminate_user_alloc                    0x0800c709   Thumb Code     2  init_alloc.o(.text)
    _init_user_alloc                         0x0800c70b   Thumb Code     2  init_alloc.o(.text)
    __Heap_Full                              0x0800c70d   Thumb Code    34  init_alloc.o(.text)
    __Heap_Broken                            0x0800c72f   Thumb Code     6  init_alloc.o(.text)
    _init_alloc                              0x0800c735   Thumb Code    94  init_alloc.o(.text)
    __Heap_Initialize                        0x0800c793   Thumb Code    10  h1_init.o(.text)
    __Heap_DescSize                          0x0800c79d   Thumb Code     4  h1_init.o(.text)
    abort                                    0x0800c7a1   Thumb Code    22  abort.o(.text)
    bsearch                                  0x0800c7b7   Thumb Code    80  bsearch.o(.text)
    std::unexpected()                        0x0800c807   Thumb Code    26  arm_exceptions_unexpected.o(.text)
    __ARM::default_unexpected_handler()      0x0800c821   Thumb Code     4  arm_exceptions_unexpected.o(.text)
    _sys_exit                                0x0800c825   Thumb Code     8  sys_exit.o(.text)
    __user_setup_stackheap                   0x0800c831   Thumb Code    74  sys_stackheap_outer.o(.text)
    __Heap_ProvideMemory                     0x0800c87b   Thumb Code    52  h1_extend.o(.text)
    exit                                     0x0800c8af   Thumb Code    18  exit.o(.text)
    __rt_SIGABRT                             0x0800c8c1   Thumb Code    14  defsig_abrt_outer.o(.text)
    __rt_SIGRTMEM                            0x0800c8cf   Thumb Code    14  defsig_rtmem_outer.o(.text)
    __I$use$semihosting                      0x0800c8dd   Thumb Code     0  use_no_semi.o(.text)
    __use_no_semihosting_swi                 0x0800c8dd   Thumb Code     2  use_no_semi.o(.text)
    __semihosting_library_function           0x0800c8df   Thumb Code     0  indicate_semi.o(.text)
    __sig_exit                               0x0800c8df   Thumb Code    10  defsig_exit.o(.text)
    __rt_SIGABRT_inner                       0x0800c8e9   Thumb Code    14  defsig_abrt_inner.o(.text)
    __rt_SIGRTMEM_inner                      0x0800c919   Thumb Code    22  defsig_rtmem_inner.o(.text)
    __default_signal_display                 0x0800c969   Thumb Code    50  defsig_general.o(.text)
    _ttywrch                                 0x0800c99b   Thumb Code    14  sys_wrch.o(.text)
    __default_new_handler()                  0x0800ca51   Thumb Code    38  newhandler.o(i._Z21__default_new_handlerv)
    action_matrix::set_erase()               0x0800ca81   Thumb Code     6  action_matrix.o(i._ZN13action_matrix9set_eraseEv)
    action_matrix::get_column() const        0x0800ce3d   Thumb Code     8  action_matrix.o(i._ZNK13action_matrix10get_columnEv)
    action_matrix::get_row() const           0x0800ce45   Thumb Code     8  action_matrix.o(i._ZNK13action_matrix7get_rowEv)
    action_matrix::get_data(short, short) const 0x0800ce4d   Thumb Code    16  action_matrix.o(i._ZNK13action_matrix8get_dataEss)
    action_matrix::set_data(short, short, float) const 0x0800ce5d   Thumb Code    16  action_matrix.o(i._ZNK13action_matrix8set_dataEssf)
    action_matrix::get_erase() const         0x0800ce6d   Thumb Code     6  action_matrix.o(i._ZNK13action_matrix9get_eraseEv)
    std::type_info::operator ==(const std::type_info&) const 0x0800ce73   Thumb Code    32  type_info_eq.o(i._ZNKSt9type_infoeqERKS_)
    std::type_info::operator !=(const std::type_info&) const 0x0800ce93   Thumb Code    32  type_info_ne.o(i._ZNKSt9type_infoneERKS_)
    std::bad_typeid::bad_typeid(const std::bad_typeid&) 0x0800ceb5   Thumb Code    12  bad_typeid.o(i._ZNSt10bad_typeidC1ERKS_)
    std::bad_typeid::bad_typeid__sub_object(const std::bad_typeid&) 0x0800ceb5   Thumb Code     0  bad_typeid.o(i._ZNSt10bad_typeidC1ERKS_)
    std::bad_typeid::bad_typeid()            0x0800cec5   Thumb Code    12  bad_typeid.o(i._ZNSt10bad_typeidC1Ev)
    std::bad_typeid::bad_typeid__sub_object() 0x0800cec5   Thumb Code     0  bad_typeid.o(i._ZNSt10bad_typeidC1Ev)
    std::bad_typeid::~bad_typeid__deallocating() 0x0800ced5   Thumb Code    14  bad_typeid.o(i._ZNSt10bad_typeidD0Ev)
    std::bad_typeid::~bad_typeid()           0x0800cee3   Thumb Code     8  bad_typeid.o(i._ZNSt10bad_typeidD1Ev)
    std::bad_typeid::~bad_typeid__sub_object() 0x0800cee3   Thumb Code     0  bad_typeid.o(i._ZNSt10bad_typeidD1Ev)
    std::bad_exception::bad_exception(const std::bad_exception&) 0x0800ceed   Thumb Code    12  bad_exception_cctor.o(i._ZNSt13bad_exceptionC1ERKS_)
    std::bad_exception::bad_exception__sub_object(const std::bad_exception&) 0x0800ceed   Thumb Code     0  bad_exception_cctor.o(i._ZNSt13bad_exceptionC1ERKS_)
    std::bad_exception::bad_exception()      0x0800cefd   Thumb Code    12  bad_exception_ctor.o(i._ZNSt13bad_exceptionC1Ev)
    std::bad_exception::bad_exception__sub_object() 0x0800cefd   Thumb Code     0  bad_exception_ctor.o(i._ZNSt13bad_exceptionC1Ev)
    std::bad_exception::~bad_exception__deallocating() 0x0800cf0d   Thumb Code    14  bad_exception_dtor.o(i._ZNSt13bad_exceptionD0Ev)
    std::bad_exception::~bad_exception()     0x0800cf1b   Thumb Code     8  bad_exception_dtor.o(i._ZNSt13bad_exceptionD1Ev)
    std::bad_exception::~bad_exception__sub_object() 0x0800cf1b   Thumb Code     0  bad_exception_dtor.o(i._ZNSt13bad_exceptionD1Ev)
    std::bad_alloc::bad_alloc(const std::bad_alloc&) 0x0800cf25   Thumb Code    12  bad_alloc_cctor.o(i._ZNSt9bad_allocC1ERKS_)
    std::bad_alloc::bad_alloc__sub_object(const std::bad_alloc&) 0x0800cf25   Thumb Code     0  bad_alloc_cctor.o(i._ZNSt9bad_allocC1ERKS_)
    std::bad_alloc::bad_alloc()              0x0800cf35   Thumb Code    12  bad_alloc_ctor.o(i._ZNSt9bad_allocC1Ev)
    std::bad_alloc::bad_alloc__sub_object()  0x0800cf35   Thumb Code     0  bad_alloc_ctor.o(i._ZNSt9bad_allocC1Ev)
    std::bad_alloc::~bad_alloc__deallocating() 0x0800cf45   Thumb Code    14  bad_alloc_dtor.o(i._ZNSt9bad_allocD0Ev)
    std::bad_alloc::~bad_alloc()             0x0800cf53   Thumb Code     8  bad_alloc_dtor.o(i._ZNSt9bad_allocD1Ev)
    std::bad_alloc::~bad_alloc__sub_object() 0x0800cf53   Thumb Code     0  bad_alloc_dtor.o(i._ZNSt9bad_allocD1Ev)
    std::exception::exception(const std::exception&) 0x0800cf5d   Thumb Code     6  exception_cctor.o(i._ZNSt9exceptionC1ERKS_)
    std::exception::exception__sub_object(const std::exception&) 0x0800cf5d   Thumb Code     0  exception_cctor.o(i._ZNSt9exceptionC1ERKS_)
    std::exception::exception()              0x0800cf69   Thumb Code     6  exception_ctor.o(i._ZNSt9exceptionC1Ev)
    std::exception::exception__sub_object()  0x0800cf69   Thumb Code     0  exception_ctor.o(i._ZNSt9exceptionC1Ev)
    std::pow(float, int)                     0x0800cf75   Thumb Code    34  action_math.o(i._ZSt3powfi)
    std::sqrt(float)                         0x0800cf97   Thumb Code    24  action_ahrs.o(i._ZSt4sqrtf)
    operator delete[] (void*)                0x0800cfaf   Thumb Code     8  array_del.o(i._ZdaPv)
    operator delete (void*)                  0x0800cfb7   Thumb Code     8  delete.o(i._ZdlPv)
    operator new[] (unsigned)                0x0800cfbf   Thumb Code     8  array_new.o(i._Znaj)
    operator new(unsigned)                   0x0800cfc9   Thumb Code    34  new.o(i._Znwj)
    __ARM_common_get_typeid                  0x0800cff1   Thumb Code    32  arm_exceptions_throw.o(i.__ARM_common_get_typeid)
    __ARM_fpclassify                         0x0800d011   Thumb Code    48  fpclassify.o(i.__ARM_fpclassify)
    __ARM_fpclassifyf                        0x0800d041   Thumb Code    38  fpclassifyf.o(i.__ARM_fpclassifyf)
    __cxa_guard_acquire                      0x0800d067   Thumb Code    16  cxa_guard_acquire.o(i.__cxa_guard_acquire)
    __derived_to_base_conversion             0x0800d079   Thumb Code   106  rtti.o(i.__derived_to_base_conversion)
    __dynamic_cast                           0x0800d0e9   Thumb Code   170  rtti.o(i.__dynamic_cast)
    __hardfp_asin                            0x0800d1a1   Thumb Code   770  asin.o(i.__hardfp_asin)
    __hardfp_atan                            0x0800d501   Thumb Code   622  atan.o(i.__hardfp_atan)
    __hardfp_atan2                           0x0800d7d9   Thumb Code   432  atan2.o(i.__hardfp_atan2)
    __hardfp_cos                             0x0800d9c9   Thumb Code   180  cos.o(i.__hardfp_cos)
    __hardfp_fabs                            0x0800da91   Thumb Code    20  fabs.o(i.__hardfp_fabs)
    __hardfp_pow                             0x0800daa9   Thumb Code  3072  pow.o(i.__hardfp_pow)
    __hardfp_powf                            0x0800e6f9   Thumb Code  1606  powf.o(i.__hardfp_powf)
    __mathlib_powf                           0x0800e6f9   Thumb Code     0  powf.o(i.__hardfp_powf)
    __hardfp_sin                             0x0800ed61   Thumb Code   180  sin.o(i.__hardfp_sin)
    __hardfp_sqrt                            0x0800ee29   Thumb Code   122  sqrt.o(i.__hardfp_sqrt)
    __hardfp_sqrtf                           0x0800eea3   Thumb Code    58  sqrtf.o(i.__hardfp_sqrtf)
    __ieee754_rem_pio2                       0x0800eee1   Thumb Code   938  rred.o(i.__ieee754_rem_pio2)
    __kernel_cos                             0x0800f319   Thumb Code   322  cos_i.o(i.__kernel_cos)
    __kernel_poly                            0x0800f489   Thumb Code   248  poly.o(i.__kernel_poly)
    __kernel_sin                             0x0800f581   Thumb Code   280  sin_i.o(i.__kernel_sin)
    __mathlib_dbl_divzero                    0x0800f6b1   Thumb Code    28  dunder.o(i.__mathlib_dbl_divzero)
    __mathlib_dbl_infnan                     0x0800f6e1   Thumb Code    20  dunder.o(i.__mathlib_dbl_infnan)
    __mathlib_dbl_infnan2                    0x0800f6f5   Thumb Code    20  dunder.o(i.__mathlib_dbl_infnan2)
    __mathlib_dbl_invalid                    0x0800f709   Thumb Code    24  dunder.o(i.__mathlib_dbl_invalid)
    __mathlib_dbl_overflow                   0x0800f729   Thumb Code    24  dunder.o(i.__mathlib_dbl_overflow)
    __mathlib_dbl_underflow                  0x0800f749   Thumb Code    24  dunder.o(i.__mathlib_dbl_underflow)
    __mathlib_flt_divzero                    0x0800f769   Thumb Code    14  funder.o(i.__mathlib_flt_divzero)
    __mathlib_flt_infnan2                    0x0800f77d   Thumb Code     6  funder.o(i.__mathlib_flt_infnan2)
    __mathlib_flt_invalid                    0x0800f785   Thumb Code    10  funder.o(i.__mathlib_flt_invalid)
    __mathlib_flt_overflow                   0x0800f795   Thumb Code    10  funder.o(i.__mathlib_flt_overflow)
    __mathlib_flt_underflow                  0x0800f7a5   Thumb Code    10  funder.o(i.__mathlib_flt_underflow)
    atan                                     0x0800f7b5   Thumb Code    16  atan.o(i.atan)
    fabs                                     0x0800f7c5   Thumb Code    24  fabs.o(i.fabs)
    sqrt                                     0x0800f7dd   Thumb Code   110  sqrt.o(i.sqrt)
    __aeabi_dneg                             0x0800f84b   Thumb Code     0  basic.o(x$fpl$basic)
    _dneg                                    0x0800f84b   Thumb Code     6  basic.o(x$fpl$basic)
    __aeabi_fneg                             0x0800f851   Thumb Code     0  basic.o(x$fpl$basic)
    _fneg                                    0x0800f851   Thumb Code     6  basic.o(x$fpl$basic)
    _dabs                                    0x0800f857   Thumb Code     6  basic.o(x$fpl$basic)
    _fabs                                    0x0800f85d   Thumb Code     6  basic.o(x$fpl$basic)
    __aeabi_d2f                              0x0800f865   Thumb Code     0  d2f.o(x$fpl$d2f)
    _d2f                                     0x0800f865   Thumb Code    98  d2f.o(x$fpl$d2f)
    __aeabi_dadd                             0x0800f8c9   Thumb Code     0  daddsub_clz.o(x$fpl$dadd)
    _dadd                                    0x0800f8c9   Thumb Code   332  daddsub_clz.o(x$fpl$dadd)
    __fpl_dcheck_NaN1                        0x0800fa19   Thumb Code    10  dcheck1.o(x$fpl$dcheck1)
    __fpl_dcmp_Inf                           0x0800fa29   Thumb Code    24  dcmpi.o(x$fpl$dcmpinf)
    __aeabi_ddiv                             0x0800fa41   Thumb Code     0  ddiv.o(x$fpl$ddiv)
    _ddiv                                    0x0800fa41   Thumb Code   552  ddiv.o(x$fpl$ddiv)
    __aeabi_d2iz                             0x0800fcf1   Thumb Code     0  dfix.o(x$fpl$dfix)
    _dfix                                    0x0800fcf1   Thumb Code    94  dfix.o(x$fpl$dfix)
    __aeabi_d2uiz                            0x0800fd51   Thumb Code     0  dfixu.o(x$fpl$dfixu)
    _dfixu                                   0x0800fd51   Thumb Code    90  dfixu.o(x$fpl$dfixu)
    __aeabi_i2d                              0x0800fdab   Thumb Code     0  dflt_clz.o(x$fpl$dflt)
    _dflt                                    0x0800fdab   Thumb Code    46  dflt_clz.o(x$fpl$dflt)
    __aeabi_ui2d                             0x0800fdd9   Thumb Code     0  dflt_clz.o(x$fpl$dfltu)
    _dfltu                                   0x0800fdd9   Thumb Code    38  dflt_clz.o(x$fpl$dfltu)
    __aeabi_cdcmple                          0x0800fe01   Thumb Code     0  dleqf.o(x$fpl$dleqf)
    _dcmple                                  0x0800fe01   Thumb Code   120  dleqf.o(x$fpl$dleqf)
    __fpl_dcmple_InfNaN                      0x0800fe63   Thumb Code     0  dleqf.o(x$fpl$dleqf)
    __aeabi_dmul                             0x0800fe79   Thumb Code     0  dmul.o(x$fpl$dmul)
    _dmul                                    0x0800fe79   Thumb Code   332  dmul.o(x$fpl$dmul)
    __fpl_dnaninf                            0x0800ffcd   Thumb Code   156  dnaninf.o(x$fpl$dnaninf)
    __fpl_dretinf                            0x08010069   Thumb Code    12  dretinf.o(x$fpl$dretinf)
    __aeabi_cdrcmple                         0x08010075   Thumb Code     0  drleqf.o(x$fpl$drleqf)
    _drcmple                                 0x08010075   Thumb Code   108  drleqf.o(x$fpl$drleqf)
    __aeabi_drsub                            0x080100e1   Thumb Code     0  daddsub_clz.o(x$fpl$drsb)
    _drsb                                    0x080100e1   Thumb Code    22  daddsub_clz.o(x$fpl$drsb)
    _dsqrt                                   0x080100f9   Thumb Code   404  dsqrt_umaal.o(x$fpl$dsqrt)
    __aeabi_dsub                             0x08010291   Thumb Code     0  daddsub_clz.o(x$fpl$dsub)
    _dsub                                    0x08010291   Thumb Code   464  daddsub_clz.o(x$fpl$dsub)
    __aeabi_f2d                              0x08010465   Thumb Code     0  f2d.o(x$fpl$f2d)
    _f2d                                     0x08010465   Thumb Code    86  f2d.o(x$fpl$f2d)
    __fpl_fnaninf                            0x080104bb   Thumb Code   140  fnaninf.o(x$fpl$fnaninf)
    _fp_init                                 0x08010547   Thumb Code    10  fpinit.o(x$fpl$fpinit)
    __fplib_config_fpu_vfp                   0x0801054f   Thumb Code     0  fpinit.o(x$fpl$fpinit)
    __fplib_config_pureend_doubles           0x0801054f   Thumb Code     0  fpinit.o(x$fpl$fpinit)
    __fpl_fretinf                            0x08010551   Thumb Code    10  fretinf.o(x$fpl$fretinf)
    __fpl_return_NaN                         0x0801055b   Thumb Code   100  retnan.o(x$fpl$retnan)
    __ARM_scalbn                             0x080105bf   Thumb Code    92  scalbn.o(x$fpl$scalbn)
    __fpl_cmpreturn                          0x0801061b   Thumb Code    48  trapv.o(x$fpl$trapveneer)
    __I$use$fp                               0x0801064a   Number         0  usenofp.o(x$fpl$usenofp)
    OSDebugEn                                0x080107e4   Data           2  os_dbg.o(.constdata)
    OSEndiannessTest                         0x080107e8   Data           4  os_dbg.o(.constdata)
    OSEventEn                                0x080107ec   Data           2  os_dbg.o(.constdata)
    OSEventMax                               0x080107ee   Data           2  os_dbg.o(.constdata)
    OSEventNameEn                            0x080107f0   Data           2  os_dbg.o(.constdata)
    OSEventSize                              0x080107f2   Data           2  os_dbg.o(.constdata)
    OSEventTblSize                           0x080107f4   Data           2  os_dbg.o(.constdata)
    OSEventMultiEn                           0x080107f6   Data           2  os_dbg.o(.constdata)
    OSFlagEn                                 0x080107f8   Data           2  os_dbg.o(.constdata)
    OSFlagGrpSize                            0x080107fa   Data           2  os_dbg.o(.constdata)
    OSFlagNodeSize                           0x080107fc   Data           2  os_dbg.o(.constdata)
    OSFlagWidth                              0x080107fe   Data           2  os_dbg.o(.constdata)
    OSFlagMax                                0x08010800   Data           2  os_dbg.o(.constdata)
    OSFlagNameEn                             0x08010802   Data           2  os_dbg.o(.constdata)
    OSLowestPrio                             0x08010804   Data           2  os_dbg.o(.constdata)
    OSMboxEn                                 0x08010806   Data           2  os_dbg.o(.constdata)
    OSMemEn                                  0x08010808   Data           2  os_dbg.o(.constdata)
    OSMemMax                                 0x0801080a   Data           2  os_dbg.o(.constdata)
    OSMemNameEn                              0x0801080c   Data           2  os_dbg.o(.constdata)
    OSMemSize                                0x0801080e   Data           2  os_dbg.o(.constdata)
    OSMemTblSize                             0x08010810   Data           2  os_dbg.o(.constdata)
    OSMutexEn                                0x08010812   Data           2  os_dbg.o(.constdata)
    OSPtrSize                                0x08010814   Data           2  os_dbg.o(.constdata)
    OSQEn                                    0x08010816   Data           2  os_dbg.o(.constdata)
    OSQMax                                   0x08010818   Data           2  os_dbg.o(.constdata)
    OSQSize                                  0x0801081a   Data           2  os_dbg.o(.constdata)
    OSRdyTblSize                             0x0801081c   Data           2  os_dbg.o(.constdata)
    OSSemEn                                  0x0801081e   Data           2  os_dbg.o(.constdata)
    OSStkWidth                               0x08010820   Data           2  os_dbg.o(.constdata)
    OSTaskCreateEn                           0x08010822   Data           2  os_dbg.o(.constdata)
    OSTaskCreateExtEn                        0x08010824   Data           2  os_dbg.o(.constdata)
    OSTaskDelEn                              0x08010826   Data           2  os_dbg.o(.constdata)
    OSTaskIdleStkSize                        0x08010828   Data           2  os_dbg.o(.constdata)
    OSTaskProfileEn                          0x0801082a   Data           2  os_dbg.o(.constdata)
    OSTaskMax                                0x0801082c   Data           2  os_dbg.o(.constdata)
    OSTaskNameEn                             0x0801082e   Data           2  os_dbg.o(.constdata)
    OSTaskStatEn                             0x08010830   Data           2  os_dbg.o(.constdata)
    OSTaskStatStkSize                        0x08010832   Data           2  os_dbg.o(.constdata)
    OSTaskStatStkChkEn                       0x08010834   Data           2  os_dbg.o(.constdata)
    OSTaskSwHookEn                           0x08010836   Data           2  os_dbg.o(.constdata)
    OSTaskRegTblSize                         0x08010838   Data           2  os_dbg.o(.constdata)
    OSTCBPrioTblMax                          0x0801083a   Data           2  os_dbg.o(.constdata)
    OSTCBSize                                0x0801083c   Data           2  os_dbg.o(.constdata)
    OSTicksPerSec                            0x0801083e   Data           2  os_dbg.o(.constdata)
    OSTimeTickHookEn                         0x08010840   Data           2  os_dbg.o(.constdata)
    OSVersionNbr                             0x08010842   Data           2  os_dbg.o(.constdata)
    OSTmrEn                                  0x08010844   Data           2  os_dbg.o(.constdata)
    OSTmrCfgMax                              0x08010846   Data           2  os_dbg.o(.constdata)
    OSTmrCfgNameEn                           0x08010848   Data           2  os_dbg.o(.constdata)
    OSTmrCfgWheelSize                        0x0801084a   Data           2  os_dbg.o(.constdata)
    OSTmrCfgTicksPerSec                      0x0801084c   Data           2  os_dbg.o(.constdata)
    OSTmrSize                                0x0801084e   Data           2  os_dbg.o(.constdata)
    OSTmrTblSize                             0x08010850   Data           2  os_dbg.o(.constdata)
    OSTmrWheelSize                           0x08010852   Data           2  os_dbg.o(.constdata)
    OSTmrWheelTblSize                        0x08010854   Data           2  os_dbg.o(.constdata)
    OSDataSize                               0x08010856   Data           2  os_dbg.o(.constdata)
    OSUnMapTbl                               0x08010858   Data         256  os_core.o(.constdata)
    __mathlib_zero                           0x08010c48   Data           8  qnan.o(.constdata)
    typeinfo for __cxxabiv1::__enum_type_info 0x08010d40   Data          12  lib_rtti_impl.o(.constdata__ZTIN10__cxxabiv116__enum_type_infoE)
    typeinfo for __cxxabiv1::__class_type_info 0x08010d4c   Data          12  lib_rtti_impl.o(.constdata__ZTIN10__cxxabiv117__class_type_infoE)
    typeinfo for __cxxabiv1::__pbase_type_info 0x08010d58   Data          12  lib_rtti_impl.o(.constdata__ZTIN10__cxxabiv117__pbase_type_infoE)
    typeinfo for __cxxabiv1::__pointer_type_info 0x08010d64   Data          12  lib_rtti_impl.o(.constdata__ZTIN10__cxxabiv119__pointer_type_infoE)
    typeinfo for __cxxabiv1::__si_class_type_info 0x08010d70   Data          12  lib_rtti_impl.o(.constdata__ZTIN10__cxxabiv120__si_class_type_infoE)
    typeinfo for __cxxabiv1::__vmi_class_type_info 0x08010d7c   Data          12  lib_rtti_impl.o(.constdata__ZTIN10__cxxabiv121__vmi_class_type_infoE)
    typeinfo for __cxxabiv1::__fundamental_type_info 0x08010d88   Data          12  lib_rtti_impl.o(.constdata__ZTIN10__cxxabiv123__fundamental_type_infoE)
    typeinfo for std::bad_typeid             0x08010d94   Data          12  bad_typeid.o(.constdata__ZTISt10bad_typeid)
    typeinfo for std::bad_exception          0x08010da0   Data          12  bad_exception_dtor.o(.constdata__ZTISt13bad_exception)
    typeinfo for std::bad_alloc              0x08010dac   Data          12  bad_alloc_dtor.o(.constdata__ZTISt9bad_alloc)
    typeinfo for std::exception              0x08010db8   Data           8  exception_dtor.o(.constdata__ZTISt9exception)
    typeinfo for std::type_info              0x08010dc0   Data           8  type_info_dtor.o(.constdata__ZTISt9type_info)
    typeinfo for [unnamed type (instance 1)] 0x08010dc8   Data           8  action_matrix.o(.constdata__ZTIUt_)
    typeinfo for int                         0x08010dd0   Data           8  lib_rtti_prim.o(.constdata__ZTIi)
    typeinfo for void                        0x08010dd8   Data           8  lib_rtti_prim.o(.constdata__ZTIv)
    typeinfo name for __cxxabiv1::__enum_type_info 0x08010de0   Data          33  lib_rtti_impl.o(.constdata__ZTSN10__cxxabiv116__enum_type_infoE)
    typeinfo name for __cxxabiv1::__class_type_info 0x08010e01   Data          34  lib_rtti_impl.o(.constdata__ZTSN10__cxxabiv117__class_type_infoE)
    typeinfo name for __cxxabiv1::__pbase_type_info 0x08010e23   Data          34  lib_rtti_impl.o(.constdata__ZTSN10__cxxabiv117__pbase_type_infoE)
    typeinfo name for __cxxabiv1::__pointer_type_info 0x08010e45   Data          36  lib_rtti_impl.o(.constdata__ZTSN10__cxxabiv119__pointer_type_infoE)
    typeinfo name for __cxxabiv1::__si_class_type_info 0x08010e69   Data          37  lib_rtti_impl.o(.constdata__ZTSN10__cxxabiv120__si_class_type_infoE)
    typeinfo name for __cxxabiv1::__vmi_class_type_info 0x08010e8e   Data          38  lib_rtti_impl.o(.constdata__ZTSN10__cxxabiv121__vmi_class_type_infoE)
    typeinfo name for __cxxabiv1::__fundamental_type_info 0x08010eb4   Data          40  lib_rtti_impl.o(.constdata__ZTSN10__cxxabiv123__fundamental_type_infoE)
    typeinfo name for std::bad_typeid        0x08010edc   Data          15  bad_typeid.o(.constdata__ZTSSt10bad_typeid)
    typeinfo name for std::bad_exception     0x08010eeb   Data          18  bad_exception_dtor.o(.constdata__ZTSSt13bad_exception)
    typeinfo name for std::bad_alloc         0x08010efd   Data          13  bad_alloc_dtor.o(.constdata__ZTSSt9bad_alloc)
    typeinfo name for std::exception         0x08010f0a   Data          13  exception_dtor.o(.constdata__ZTSSt9exception)
    typeinfo name for std::type_info         0x08010f17   Data          13  type_info_dtor.o(.constdata__ZTSSt9type_info)
    typeinfo name for [unnamed type (instance 1)] 0x08010f24   Data           4  action_matrix.o(.constdata__ZTSUt_)
    typeinfo name for int                    0x08010f28   Data           2  lib_rtti_prim.o(.constdata__ZTSi)
    typeinfo name for void                   0x08010f2a   Data           2  lib_rtti_prim.o(.constdata__ZTSv)
    vtable for __cxxabiv1::__enum_type_info  0x08010f2c   Data          16  lib_rtti_impl.o(.constdata__ZTVN10__cxxabiv116__enum_type_infoE)
    vtable for __cxxabiv1::__class_type_info 0x08010f3c   Data          16  lib_rtti_impl.o(.constdata__ZTVN10__cxxabiv117__class_type_infoE)
    vtable for __cxxabiv1::__si_class_type_info 0x08010f4c   Data          16  lib_rtti_impl.o(.constdata__ZTVN10__cxxabiv120__si_class_type_infoE)
    vtable for __cxxabiv1::__fundamental_type_info 0x08010f5c   Data          16  lib_rtti_impl.o(.constdata__ZTVN10__cxxabiv123__fundamental_type_infoE)
    vtable for std::bad_typeid               0x08010f6c   Data          20  bad_typeid.o(.constdata__ZTVSt10bad_typeid)
    vtable for std::bad_exception            0x08010f80   Data          20  bad_exception_dtor.o(.constdata__ZTVSt13bad_exception)
    vtable for std::bad_alloc                0x08010f94   Data          20  bad_alloc_dtor.o(.constdata__ZTVSt9bad_alloc)
    vtable for std::exception                0x08010fa8   Data          20  exception_dtor.o(.constdata__ZTVSt9exception)
    Region$$Table$$Base                      0x08010fbc   Number         0  anon$$obj.o(Region$$Table)
    Region$$Table$$Limit                     0x08010fdc   Number         0  anon$$obj.o(Region$$Table)
    SHT$$INIT_ARRAY$$Base                    0x08010fdc   Number         0  action_ahrs.o(.init_array)
    SHT$$ARM_EXIDX$$Base                     0x08010fe0   Number         0  __rtentry4.o(.ARM.exidx)
    SHT$$INIT_ARRAY$$Limit                   0x08010fe0   Number         0  init_aeabi.o(.init_array)
    SHT$$ARM_EXIDX$$Limit                    0x08011688   Number         0  rtti.o(.ARM.exidx)
    Update                                   0x20000000   Data           4  task.o(.data)
    SystemCoreClock                          0x20000024   Data           4  system_stm32f4xx.o(.data)
    AHBPrescTable                            0x20000028   Data          16  system_stm32f4xx.o(.data)
    K_acc                                    0x20000054   Data           4  motion_attitude_algorithm.o(.data)
    OS_CPU_ExceptStkBase                     0x200001c4   Data           4  os_cpu_c.o(.data)
    OSCtxSwCtr                               0x200001cc   Data           4  os_core.o(.data)
    OSEventFreeList                          0x200001d0   Data           4  os_core.o(.data)
    OSFlagFreeList                           0x200001d4   Data           4  os_core.o(.data)
    OSCPUUsage                               0x200001d8   Data           1  os_core.o(.data)
    OSIdleCtrMax                             0x200001dc   Data           4  os_core.o(.data)
    OSIdleCtrRun                             0x200001e0   Data           4  os_core.o(.data)
    OSStatRdy                                0x200001e4   Data           1  os_core.o(.data)
    OSIntNesting                             0x200001e5   Data           1  os_core.o(.data)
    OSLockNesting                            0x200001e6   Data           1  os_core.o(.data)
    OSPrioCur                                0x200001e7   Data           1  os_core.o(.data)
    OSPrioHighRdy                            0x200001e8   Data           1  os_core.o(.data)
    OSRdyGrp                                 0x200001e9   Data           1  os_core.o(.data)
    OSRdyTbl                                 0x200001ea   Data           8  os_core.o(.data)
    OSRunning                                0x200001f2   Data           1  os_core.o(.data)
    OSTaskCtr                                0x200001f3   Data           1  os_core.o(.data)
    OSIdleCtr                                0x200001f4   Data           4  os_core.o(.data)
    OSTCBCur                                 0x200001f8   Data           4  os_core.o(.data)
    OSTCBFreeList                            0x200001fc   Data           4  os_core.o(.data)
    OSTCBHighRdy                             0x20000200   Data           4  os_core.o(.data)
    OSTCBList                                0x20000204   Data           4  os_core.o(.data)
    OSTickStepState                          0x20000208   Data           1  os_core.o(.data)
    OSMemFreeList                            0x2000020c   Data           4  os_core.o(.data)
    OSQFreeList                              0x20000210   Data           4  os_core.o(.data)
    OSTime                                   0x20000214   Data           4  os_core.o(.data)
    OSTmrFree                                0x20000218   Data           2  os_core.o(.data)
    OSTmrUsed                                0x2000021a   Data           2  os_core.o(.data)
    OSTmrTime                                0x2000021c   Data           4  os_core.o(.data)
    OSTmrSem                                 0x20000220   Data           4  os_core.o(.data)
    OSTmrSemSignal                           0x20000224   Data           4  os_core.o(.data)
    OSTmrFreeList                            0x20000228   Data           4  os_core.o(.data)
    OS_CPU_ExceptStk                         0x200132c0   Data         512  os_cpu_c.o(.bss)
    OSEventTbl                               0x200134c0   Data        1440  os_core.o(.bss)
    OSFlagTbl                                0x20013a60   Data          80  os_core.o(.bss)
    OSTaskStatStk                            0x20013ab0   Data         512  os_core.o(.bss)
    OSTaskIdleStk                            0x20013cb0   Data         512  os_core.o(.bss)
    OSTCBPrioTbl                             0x20013eb0   Data         256  os_core.o(.bss)
    OSTCBTbl                                 0x20013fb0   Data        2816  os_core.o(.bss)
    OSMemTbl                                 0x20014ab0   Data         120  os_core.o(.bss)
    OSQTbl                                   0x20014b28   Data          96  os_core.o(.bss)
    OSTmrTbl                                 0x20014b88   Data         640  os_core.o(.bss)
    OSTmrTaskStk                             0x20014e08   Data         512  os_core.o(.bss)
    OSTmrWheelTbl                            0x20015008   Data          64  os_core.o(.bss)
    __libspace_start                         0x20015048   Data          96  libspace.o(.bss)
    __temporary_stack_top$libspace           0x200150a8   Data           0  libspace.o(.bss)



==============================================================================

Memory Map of the image

  Image Entry point : 0x08000189

  Load Region LR_IROM1 (Base: 0x08000000, Size: 0x000118c4, Max: 0x00100000, ABSOLUTE, COMPRESSED[0x000116e0])

    Execution Region ER_IROM1 (Base: 0x08000000, Size: 0x00011688, Max: 0x00100000, ABSOLUTE)

    Base Addr    Size         Type   Attr      Idx    E Section Name        Object

    0x08000000   0x00000188   Data   RO          800    RESET               startup_stm32f4xx.o
    0x08000188   0x00000008   Code   RO         1240  * !!!main             c_w.l(__main.o)
    0x08000190   0x00000034   Code   RO         2232    !!!scatter          c_w.l(__scatter.o)
    0x080001c4   0x0000005a   Code   RO         2230    !!dczerorl2         c_w.l(__dczerorl2.o)
    0x0800021e   0x00000002   PAD
    0x08000220   0x0000001c   Code   RO         2234    !!handler_zi        c_w.l(__scatter_zi.o)
    0x0800023c   0x00000002   Code   RO         2141    .ARM.Collect$$libinit$$00000000  c_w.l(libinit.o)
    0x0800023e   0x00000004   Code   RO         1741    .ARM.Collect$$libinit$$00000001  c_w.l(libinit2.o)
    0x08000242   0x00000000   Code   RO         1744    .ARM.Collect$$libinit$$00000004  c_w.l(libinit2.o)
    0x08000242   0x00000008   Code   RO         1745    .ARM.Collect$$libinit$$00000005  c_w.l(libinit2.o)
    0x0800024a   0x00000000   Code   RO         1747    .ARM.Collect$$libinit$$0000000A  c_w.l(libinit2.o)
    0x0800024a   0x00000000   Code   RO         1749    .ARM.Collect$$libinit$$0000000C  c_w.l(libinit2.o)
    0x0800024a   0x00000000   Code   RO         1751    .ARM.Collect$$libinit$$0000000E  c_w.l(libinit2.o)
    0x0800024a   0x00000000   Code   RO         1754    .ARM.Collect$$libinit$$00000011  c_w.l(libinit2.o)
    0x0800024a   0x00000000   Code   RO         1756    .ARM.Collect$$libinit$$00000013  c_w.l(libinit2.o)
    0x0800024a   0x00000000   Code   RO         1758    .ARM.Collect$$libinit$$00000015  c_w.l(libinit2.o)
    0x0800024a   0x00000000   Code   RO         1760    .ARM.Collect$$libinit$$00000017  c_w.l(libinit2.o)
    0x0800024a   0x00000000   Code   RO         1762    .ARM.Collect$$libinit$$00000019  c_w.l(libinit2.o)
    0x0800024a   0x00000000   Code   RO         1764    .ARM.Collect$$libinit$$0000001B  c_w.l(libinit2.o)
    0x0800024a   0x00000000   Code   RO         1766    .ARM.Collect$$libinit$$0000001D  c_w.l(libinit2.o)
    0x0800024a   0x00000000   Code   RO         1768    .ARM.Collect$$libinit$$0000001F  c_w.l(libinit2.o)
    0x0800024a   0x00000000   Code   RO         1770    .ARM.Collect$$libinit$$00000021  c_w.l(libinit2.o)
    0x0800024a   0x00000000   Code   RO         1772    .ARM.Collect$$libinit$$00000023  c_w.l(libinit2.o)
    0x0800024a   0x00000000   Code   RO         1774    .ARM.Collect$$libinit$$00000025  c_w.l(libinit2.o)
    0x0800024a   0x00000000   Code   RO         1778    .ARM.Collect$$libinit$$0000002C  c_w.l(libinit2.o)
    0x0800024a   0x00000000   Code   RO         1780    .ARM.Collect$$libinit$$0000002E  c_w.l(libinit2.o)
    0x0800024a   0x00000000   Code   RO         1782    .ARM.Collect$$libinit$$00000030  c_w.l(libinit2.o)
    0x0800024a   0x00000004   Code   RO         1783    .ARM.Collect$$libinit$$00000031  c_w.l(libinit2.o)
    0x0800024e   0x00000000   Code   RO         1784    .ARM.Collect$$libinit$$00000032  c_w.l(libinit2.o)
    0x0800024e   0x00000002   Code   RO         1785    .ARM.Collect$$libinit$$00000033  c_w.l(libinit2.o)
    0x08000250   0x00000002   Code   RO         2213    .ARM.Collect$$libshutdown$$00000000  c_w.l(libshutdown.o)
    0x08000252   0x00000000   Code   RO         2192    .ARM.Collect$$libshutdown$$00000002  c_w.l(libshutdown2.o)
    0x08000252   0x00000000   Code   RO         2194    .ARM.Collect$$libshutdown$$00000004  c_w.l(libshutdown2.o)
    0x08000252   0x00000000   Code   RO         2197    .ARM.Collect$$libshutdown$$00000007  c_w.l(libshutdown2.o)
    0x08000252   0x00000000   Code   RO         2200    .ARM.Collect$$libshutdown$$0000000A  c_w.l(libshutdown2.o)
    0x08000252   0x00000000   Code   RO         2202    .ARM.Collect$$libshutdown$$0000000C  c_w.l(libshutdown2.o)
    0x08000252   0x00000000   Code   RO         2205    .ARM.Collect$$libshutdown$$0000000F  c_w.l(libshutdown2.o)
    0x08000252   0x00000002   Code   RO         2206    .ARM.Collect$$libshutdown$$00000010  c_w.l(libshutdown2.o)
    0x08000254   0x00000000   Code   RO         1671    .ARM.Collect$$rtentry$$00000000  c_w.l(__rtentry.o)
    0x08000254   0x00000000   Code   RO         1976    .ARM.Collect$$rtentry$$00000002  c_w.l(__rtentry2.o)
    0x08000254   0x00000006   Code   RO         1988    .ARM.Collect$$rtentry$$00000004  c_w.l(__rtentry4.o)
    0x0800025a   0x00000000   Code   RO         1978    .ARM.Collect$$rtentry$$00000009  c_w.l(__rtentry2.o)
    0x0800025a   0x00000004   Code   RO         1979    .ARM.Collect$$rtentry$$0000000A  c_w.l(__rtentry2.o)
    0x0800025e   0x00000000   Code   RO         1981    .ARM.Collect$$rtentry$$0000000C  c_w.l(__rtentry2.o)
    0x0800025e   0x00000008   Code   RO         1982    .ARM.Collect$$rtentry$$0000000D  c_w.l(__rtentry2.o)
    0x08000266   0x00000002   Code   RO         2162    .ARM.Collect$$rtexit$$00000000  c_w.l(rtexit.o)
    0x08000268   0x00000000   Code   RO         2177    .ARM.Collect$$rtexit$$00000002  c_w.l(rtexit2.o)
    0x08000268   0x00000004   Code   RO         2178    .ARM.Collect$$rtexit$$00000003  c_w.l(rtexit2.o)
    0x0800026c   0x00000006   Code   RO         2179    .ARM.Collect$$rtexit$$00000004  c_w.l(rtexit2.o)
    0x08000272   0x00000002   PAD
    0x08000274   0x00000020   Code   RO         1499    .emb_text           cpprt_w.l(arm_exceptions_cleanup.o)
    0x08000294   0x00000004   Code   RO         1877    .emb_text           cpprt_w.l(unwind_activity.o)
    0x08000298   0x0000007c   Code   RO         1882    .emb_text           cpprt_w.l(unwinder.o)
    0x08000314   0x00000000   Code   RO         2113    .emb_text           c_w.l(maybetermalloc1.o)
    0x08000314   0x00000074   Code   RO            5    .text               main.o
    0x08000388   0x00000108   Code   RO          102    .text               task.o
    0x08000490   0x000002b4   Code   RO          195    .text               stm32f4xx_it.o
    0x08000744   0x00000460   Code   RO          224    .text               spi.o
    0x08000ba4   0x0000056c   Code   RO          253    .text               timer.o
    0x08001110   0x00000298   Code   RO          304    .text               usart.o
    0x080013a8   0x000000d4   Code   RO          334    .text               flash.o
    0x0800147c   0x000000b4   Code   RO          366    .text               customer.o
    0x08001530   0x00000210   Code   RO          391    .text               system_stm32f4xx.o
    0x08001740   0x00001a88   Code   RO          420    .text               motion_attitude_algorithm.o
    0x080031c8   0x00000ab4   Code   RO          452    .text               icm_20608_g.o
    0x08003c7c   0x00000298   Code   RO          492    .text               temperature_control.o
    0x08003f14   0x00000590   Code   RO          519    .text               vdoff.o
    0x080044a4   0x00000278   Code   RO          548    .text               pos.o
    0x0800471c   0x00000238   Code   RO          569    .text               action_math.o
    0x08004954   0x000009b8   Code   RO          614    .text               action_matrix.o
    0x0800530c   0x00000730   Code   RO          730    .text               action_ahrs.o
    0x08005a3c   0x00000050   Code   RO          801    .text               startup_stm32f4xx.o
    0x08005a8c   0x000002c8   Code   RO          809    .text               os_cpu_c.o
    0x08005d54   0x000000b8   Code   RO          839    .text               os_cpu_a.o
    0x08005e0c   0x0000015c   Code   RO          842    .text               os_dbg.o
    0x08005f68   0x00000d5c   Code   RO          858    .text               os_core.o
    0x08006cc4   0x00000864   Code   RO          879    .text               os_flag.o
    0x08007528   0x00000258   Code   RO          906    .text               os_mem.o
    0x08007780   0x00000654   Code   RO          933    .text               os_q.o
    0x08007dd4   0x000003e0   Code   RO          946    .text               os_sem.o
    0x080081b4   0x0000090c   Code   RO          959    .text               os_task.o
    0x08008ac0   0x000001d4   Code   RO          972    .text               os_time.o
    0x08008c94   0x000006e4   Code   RO          985    .text               os_tmr.o
    0x08009378   0x00000012   Code   RO         1003    .text               os_apphooks.o
    0x0800938a   0x00000002   PAD
    0x0800938c   0x0000025c   Code   RO         1026    .text               stm32f4xx_gpio.o
    0x080095e8   0x00000588   Code   RO         1049    .text               stm32f4xx_rcc.o
    0x08009b70   0x000000e0   Code   RO         1074    .text               misc.o
    0x08009c50   0x000003f8   Code   RO         1097    .text               stm32f4xx_spi.o
    0x0800a048   0x00000ca2   Code   RO         1143    .text               stm32f4xx_tim.o
    0x0800acea   0x00000002   PAD
    0x0800acec   0x0000043e   Code   RO         1166    .text               stm32f4xx_usart.o
    0x0800b12a   0x00000002   PAD
    0x0800b12c   0x000004bc   Code   RO         1189    .text               stm32f4xx_flash.o
    0x0800b5e8   0x00000064   Code   RO         1236    .text               c_w.l(rt_memcpy_w.o)
    0x0800b64c   0x00000006   Code   RO         1238    .text               c_w.l(heapauxi.o)
    0x0800b652   0x00000002   PAD
    0x0800b654   0x00000024   Code   RO         1245    .text               c_w.l(init_aeabi.o)
    0x0800b678   0x0000007c   Code   RO         1501    .text               cpprt_w.l(arm_exceptions_cleanup.o)
    0x0800b6f4   0x00000060   Code   RO         1505    .text               cpprt_w.l(arm_exceptions_alloc.o)
    0x0800b754   0x00000048   Code   RO         1508    .text               cpprt_w.l(arm_exceptions_begincatch.o)
    0x0800b79c   0x00000190   Code   RO         1511    .text               cpprt_w.l(arm_exceptions_throw.o)
    0x0800b92c   0x0000004a   Code   RO         1522    .text               cpprt_w.l(arm_exceptions_endcatch.o)
    0x0800b976   0x00000006   Code   RO         1525    .text               cpprt_w.l(unwind_pr1.o)
    0x0800b97c   0x00000006   Code   RO         1528    .text               cpprt_w.l(unwind_pr0.o)
    0x0800b982   0x00000002   PAD
    0x0800b984   0x00000008   Code   RO         1675    .text               c_w.l(rt_new_handler_addr_intlibspace.o)
    0x0800b98c   0x0000005e   Code   RO         1681    .text               c_w.l(h1_alloc.o)
    0x0800b9ea   0x0000004e   Code   RO         1683    .text               c_w.l(h1_free.o)
    0x0800ba38   0x00000016   Code   RO         1739    .text               c_w.l(_rserrno.o)
    0x0800ba4e   0x0000003c   Code   RO         1843    .text               cpprt_w.l(arm_exceptions_mem.o)
    0x0800ba8a   0x00000052   Code   RO         1846    .text               cpprt_w.l(arm_exceptions_rethrow.o)
    0x0800badc   0x00000038   Code   RO         1849    .text               cpprt_w.l(arm_exceptions_callterm.o)
    0x0800bb14   0x000000d0   Code   RO         1852    .text               cpprt_w.l(arm_exceptions_callunex.o)
    0x0800bbe4   0x0000002c   Code   RO         1858    .text               cpprt_w.l(arm_exceptions_support.o)
    0x0800bc10   0x00000022   Code   RO         1862    .text               cpprt_w.l(arm_exceptions_free.o)
    0x0800bc32   0x0000001a   Code   RO         1865    .text               cpprt_w.l(arm_exceptions_terminate.o)
    0x0800bc4c   0x00000050   Code   RO         1868    .text               cpprt_w.l(arm_exceptions_globs.o)
    0x0800bc9c   0x00000030   Code   RO         1871    .text               cpprt_w.l(arm_exceptions_bad_typeid.o)
    0x0800bccc   0x00000042   Code   RO         1874    .text               cpprt_w.l(arm_exceptions_foreign.o)
    0x0800bd0e   0x00000002   PAD
    0x0800bd10   0x000005f8   Code   RO         1879    .text               cpprt_w.l(unwind_prcommon.o)
    0x0800c308   0x000003cc   Code   RO         1883    .text               cpprt_w.l(unwinder.o)
    0x0800c6d4   0x0000000e   Code   RO         1887    .text               cpprt_w.l(unwind_delete.o)
    0x0800c6e2   0x00000002   PAD
    0x0800c6e4   0x00000008   Code   RO         1970    .text               c_w.l(libspace.o)
    0x0800c6ec   0x00000008   Code   RO         1993    .text               c_w.l(rt_heap_descriptor_intlibspace.o)
    0x0800c6f4   0x00000008   Code   RO         1998    .text               c_w.l(rt_eh_globals_addr_intlibspace.o)
    0x0800c6fc   0x00000008   Code   RO         2003    .text               c_w.l(rt_errno_addr_intlibspace.o)
    0x0800c704   0x00000004   Code   RO         2005    .text               c_w.l(hguard.o)
    0x0800c708   0x0000008a   Code   RO         2007    .text               c_w.l(init_alloc.o)
    0x0800c792   0x0000000e   Code   RO         2011    .text               c_w.l(h1_init.o)
    0x0800c7a0   0x00000016   Code   RO         2025    .text               c_w.l(abort.o)
    0x0800c7b6   0x00000050   Code   RO         2027    .text               c_w.l(bsearch.o)
    0x0800c806   0x0000001e   Code   RO         2094    .text               cpprt_w.l(arm_exceptions_unexpected.o)
    0x0800c824   0x0000000c   Code   RO         2107    .text               c_w.l(sys_exit.o)
    0x0800c830   0x0000004a   Code   RO         2109    .text               c_w.l(sys_stackheap_outer.o)
    0x0800c87a   0x00000034   Code   RO         2115    .text               c_w.l(h1_extend.o)
    0x0800c8ae   0x00000012   Code   RO         2119    .text               c_w.l(exit.o)
    0x0800c8c0   0x0000000e   Code   RO         2121    .text               c_w.l(defsig_abrt_outer.o)
    0x0800c8ce   0x0000000e   Code   RO         2125    .text               c_w.l(defsig_rtmem_outer.o)
    0x0800c8dc   0x00000002   Code   RO         2159    .text               c_w.l(use_no_semi.o)
    0x0800c8de   0x00000000   Code   RO         2161    .text               c_w.l(indicate_semi.o)
    0x0800c8de   0x0000000a   Code   RO         2168    .text               c_w.l(defsig_exit.o)
    0x0800c8e8   0x00000030   Code   RO         2170    .text               c_w.l(defsig_abrt_inner.o)
    0x0800c918   0x00000050   Code   RO         2172    .text               c_w.l(defsig_rtmem_inner.o)
    0x0800c968   0x00000032   Code   RO         2189    .text               c_w.l(defsig_general.o)
    0x0800c99a   0x0000000e   Code   RO         2207    .text               c_w.l(sys_wrch.o)
    0x0800c9a8   0x00000018   Code   RO          570    .text.clean         action_math.o
    0x0800c9c0   0x0000007c   Code   RO          731    .text.clean         action_ahrs.o
    0x0800ca3c   0x00000008   Code   RO         1512    .text.clean         cpprt_w.l(arm_exceptions_throw.o)
    0x0800ca44   0x0000000c   Code   RO         1853    .text.clean         cpprt_w.l(arm_exceptions_callunex.o)
    0x0800ca50   0x00000030   Code   RO         1786    i._Z21__default_new_handlerv  cpprt_w.l(newhandler.o)
    0x0800ca80   0x00000006   Code   RO          631    i._ZN13action_matrix9set_eraseEv  action_matrix.o
    0x0800ca86   0x00000046   Code   RO         1789    i._ZN27_INTERNAL_6_rtti_c_066a44b012tbc_downcastEPvPKSt9type_infoP28a_base_class_traversal_blockPN10__cxxabiv122__base_class_type_infoE  cpprt_w.l(rtti.o)
    0x0800cacc   0x00000016   Code   RO         1790    i._ZN27_INTERNAL_6_rtti_c_066a44b017tbc_post_downcastEPvPKSt9type_infoP28a_base_class_traversal_blockPN10__cxxabiv122__base_class_type_infoE  cpprt_w.l(rtti.o)
    0x0800cae2   0x00000002   PAD
    0x0800cae4   0x000000a4   Code   RO         1791    i._ZN27_INTERNAL_6_rtti_c_066a44b021traverse_base_classesEPvPKSt9type_infoP28a_base_class_traversal_blockPN10__cxxabiv122__base_class_type_infoE  cpprt_w.l(rtti.o)
    0x0800cb88   0x000000c0   Code   RO         1792    i._ZN27_INTERNAL_6_rtti_c_066a44b023find_base_class_at_addrEPvS0_PKSt9type_infoS3_Pi  cpprt_w.l(rtti.o)
    0x0800cc48   0x0000000e   Code   RO         1793    i._ZN27_INTERNAL_6_rtti_c_066a44b024get_virtual_base_pointerEPvPN10__cxxabiv122__base_class_type_infoE  cpprt_w.l(rtti.o)
    0x0800cc56   0x00000002   PAD
    0x0800cc58   0x000001e4   Code   RO         1794    i._ZN27_INTERNAL_6_rtti_c_066a44b028derived_to_base_conversion_rEPvPS0_PKSt9type_infoS4_jPiiPS4_P19a_result_virtualityS5_  cpprt_w.l(rtti.o)
    0x0800ce3c   0x00000008   Code   RO          655    i._ZNK13action_matrix10get_columnEv  action_matrix.o
    0x0800ce44   0x00000008   Code   RO          661    i._ZNK13action_matrix7get_rowEv  action_matrix.o
    0x0800ce4c   0x00000010   Code   RO          643    i._ZNK13action_matrix8get_dataEss  action_matrix.o
    0x0800ce5c   0x00000010   Code   RO          649    i._ZNK13action_matrix8set_dataEssf  action_matrix.o
    0x0800ce6c   0x00000006   Code   RO          637    i._ZNK13action_matrix9get_eraseEv  action_matrix.o
    0x0800ce72   0x00000020   Code   RO         1837    i._ZNKSt9type_infoeqERKS_  cpprt_w.l(type_info_eq.o)
    0x0800ce92   0x00000020   Code   RO         1840    i._ZNKSt9type_infoneERKS_  cpprt_w.l(type_info_ne.o)
    0x0800ceb2   0x00000002   PAD
    0x0800ceb4   0x00000010   Code   RO         2060    i._ZNSt10bad_typeidC1ERKS_  cpprt_w.l(bad_typeid.o)
    0x0800cec4   0x00000010   Code   RO         2061    i._ZNSt10bad_typeidC1Ev  cpprt_w.l(bad_typeid.o)
    0x0800ced4   0x0000000e   Code   RO         2062    i._ZNSt10bad_typeidD0Ev  cpprt_w.l(bad_typeid.o)
    0x0800cee2   0x00000008   Code   RO         2063    i._ZNSt10bad_typeidD1Ev  cpprt_w.l(bad_typeid.o)
    0x0800ceea   0x00000002   PAD
    0x0800ceec   0x00000010   Code   RO         2043    i._ZNSt13bad_exceptionC1ERKS_  cpprt_w.l(bad_exception_cctor.o)
    0x0800cefc   0x00000010   Code   RO         2046    i._ZNSt13bad_exceptionC1Ev  cpprt_w.l(bad_exception_ctor.o)
    0x0800cf0c   0x0000000e   Code   RO         2049    i._ZNSt13bad_exceptionD0Ev  cpprt_w.l(bad_exception_dtor.o)
    0x0800cf1a   0x00000008   Code   RO         2050    i._ZNSt13bad_exceptionD1Ev  cpprt_w.l(bad_exception_dtor.o)
    0x0800cf22   0x00000002   PAD
    0x0800cf24   0x00000010   Code   RO         2034    i._ZNSt9bad_allocC1ERKS_  cpprt_w.l(bad_alloc_cctor.o)
    0x0800cf34   0x00000010   Code   RO         2037    i._ZNSt9bad_allocC1Ev  cpprt_w.l(bad_alloc_ctor.o)
    0x0800cf44   0x0000000e   Code   RO         1817    i._ZNSt9bad_allocD0Ev  cpprt_w.l(bad_alloc_dtor.o)
    0x0800cf52   0x00000008   Code   RO         1818    i._ZNSt9bad_allocD1Ev  cpprt_w.l(bad_alloc_dtor.o)
    0x0800cf5a   0x00000002   PAD
    0x0800cf5c   0x0000000c   Code   RO         2148    i._ZNSt9exceptionC1ERKS_  cpprt_w.l(exception_cctor.o)
    0x0800cf68   0x0000000c   Code   RO         2151    i._ZNSt9exceptionC1Ev  cpprt_w.l(exception_ctor.o)
    0x0800cf74   0x00000022   Code   RO          584    i._ZSt3powfi        action_math.o
    0x0800cf96   0x00000018   Code   RO          753    i._ZSt4sqrtf        action_ahrs.o
    0x0800cfae   0x00000008   Code   RO         1248    i._ZdaPv            cpprt_w.l(array_del.o)
    0x0800cfb6   0x00000008   Code   RO         1255    i._ZdlPv            cpprt_w.l(delete.o)
    0x0800cfbe   0x00000008   Code   RO         1251    i._Znaj             cpprt_w.l(array_new.o)
    0x0800cfc6   0x00000002   PAD
    0x0800cfc8   0x00000028   Code   RO         1258    i._Znwj             cpprt_w.l(new.o)
    0x0800cff0   0x00000020   Code   RO         1519    i.__ARM_common_get_typeid  cpprt_w.l(arm_exceptions_throw.o)
    0x0800d010   0x00000030   Code   RO         1938    i.__ARM_fpclassify  m_wm.l(fpclassify.o)
    0x0800d040   0x00000026   Code   RO         1940    i.__ARM_fpclassifyf  m_wm.l(fpclassifyf.o)
    0x0800d066   0x00000010   Code   RO         1265    i.__cxa_guard_acquire  cpprt_w.l(cxa_guard_acquire.o)
    0x0800d076   0x00000002   PAD
    0x0800d078   0x00000070   Code   RO         1795    i.__derived_to_base_conversion  cpprt_w.l(rtti.o)
    0x0800d0e8   0x000000b4   Code   RO         1796    i.__dynamic_cast    cpprt_w.l(rtti.o)
    0x0800d19c   0x00000004   PAD
    0x0800d1a0   0x00000360   Code   RO         1563    i.__hardfp_asin     m_wm.l(asin.o)
    0x0800d500   0x000002d8   Code   RO         1907    i.__hardfp_atan     m_wm.l(atan.o)
    0x0800d7d8   0x000001f0   Code   RO         1577    i.__hardfp_atan2    m_wm.l(atan2.o)
    0x0800d9c8   0x000000c8   Code   RO         1589    i.__hardfp_cos      m_wm.l(cos.o)
    0x0800da90   0x00000014   Code   RO         1601    i.__hardfp_fabs     m_wm.l(fabs.o)
    0x0800daa4   0x00000004   PAD
    0x0800daa8   0x00000c50   Code   RO         1607    i.__hardfp_pow      m_wm.l(pow.o)
    0x0800e6f8   0x00000664   Code   RO         1621    i.__hardfp_powf     m_wm.l(powf.o)
    0x0800ed5c   0x00000004   PAD
    0x0800ed60   0x000000c8   Code   RO         1635    i.__hardfp_sin      m_wm.l(sin.o)
    0x0800ee28   0x0000007a   Code   RO         1647    i.__hardfp_sqrt     m_wm.l(sqrt.o)
    0x0800eea2   0x0000003a   Code   RO         1659    i.__hardfp_sqrtf    m_wm.l(sqrtf.o)
    0x0800eedc   0x00000004   PAD
    0x0800eee0   0x00000438   Code   RO         1959    i.__ieee754_rem_pio2  m_wm.l(rred.o)
    0x0800f318   0x00000170   Code   RO         1921    i.__kernel_cos      m_wm.l(cos_i.o)
    0x0800f488   0x000000f8   Code   RO         1956    i.__kernel_poly     m_wm.l(poly.o)
    0x0800f580   0x00000130   Code   RO         1964    i.__kernel_sin      m_wm.l(sin_i.o)
    0x0800f6b0   0x00000030   Code   RO         1924    i.__mathlib_dbl_divzero  m_wm.l(dunder.o)
    0x0800f6e0   0x00000014   Code   RO         1925    i.__mathlib_dbl_infnan  m_wm.l(dunder.o)
    0x0800f6f4   0x00000014   Code   RO         1926    i.__mathlib_dbl_infnan2  m_wm.l(dunder.o)
    0x0800f708   0x00000020   Code   RO         1927    i.__mathlib_dbl_invalid  m_wm.l(dunder.o)
    0x0800f728   0x00000020   Code   RO         1928    i.__mathlib_dbl_overflow  m_wm.l(dunder.o)
    0x0800f748   0x00000020   Code   RO         1930    i.__mathlib_dbl_underflow  m_wm.l(dunder.o)
    0x0800f768   0x00000014   Code   RO         1942    i.__mathlib_flt_divzero  m_wm.l(funder.o)
    0x0800f77c   0x00000006   Code   RO         1944    i.__mathlib_flt_infnan2  m_wm.l(funder.o)
    0x0800f782   0x00000002   PAD
    0x0800f784   0x00000010   Code   RO         1945    i.__mathlib_flt_invalid  m_wm.l(funder.o)
    0x0800f794   0x00000010   Code   RO         1946    i.__mathlib_flt_overflow  m_wm.l(funder.o)
    0x0800f7a4   0x00000010   Code   RO         1948    i.__mathlib_flt_underflow  m_wm.l(funder.o)
    0x0800f7b4   0x00000010   Code   RO         1909    i.atan              m_wm.l(atan.o)
    0x0800f7c4   0x00000018   Code   RO         1603    i.fabs              m_wm.l(fabs.o)
    0x0800f7dc   0x0000006e   Code   RO         1649    i.sqrt              m_wm.l(sqrt.o)
    0x0800f84a   0x00000018   Code   RO         1531    x$fpl$basic         fz_wm.l(basic.o)
    0x0800f862   0x00000002   PAD
    0x0800f864   0x00000062   Code   RO         1533    x$fpl$d2f           fz_wm.l(d2f.o)
    0x0800f8c6   0x00000002   PAD
    0x0800f8c8   0x00000150   Code   RO         1535    x$fpl$dadd          fz_wm.l(daddsub_clz.o)
    0x0800fa18   0x00000010   Code   RO         2097    x$fpl$dcheck1       fz_wm.l(dcheck1.o)
    0x0800fa28   0x00000018   Code   RO         1890    x$fpl$dcmpinf       fz_wm.l(dcmpi.o)
    0x0800fa40   0x000002b0   Code   RO         1542    x$fpl$ddiv          fz_wm.l(ddiv.o)
    0x0800fcf0   0x0000005e   Code   RO         2099    x$fpl$dfix          fz_wm.l(dfix.o)
    0x0800fd4e   0x00000002   PAD
    0x0800fd50   0x0000005a   Code   RO         1545    x$fpl$dfixu         fz_wm.l(dfixu.o)
    0x0800fdaa   0x0000002e   Code   RO         1550    x$fpl$dflt          fz_wm.l(dflt_clz.o)
    0x0800fdd8   0x00000026   Code   RO         1549    x$fpl$dfltu         fz_wm.l(dflt_clz.o)
    0x0800fdfe   0x00000002   PAD
    0x0800fe00   0x00000078   Code   RO         1555    x$fpl$dleqf         fz_wm.l(dleqf.o)
    0x0800fe78   0x00000154   Code   RO         1557    x$fpl$dmul          fz_wm.l(dmul.o)
    0x0800ffcc   0x0000009c   Code   RO         1892    x$fpl$dnaninf       fz_wm.l(dnaninf.o)
    0x08010068   0x0000000c   Code   RO         1894    x$fpl$dretinf       fz_wm.l(dretinf.o)
    0x08010074   0x0000006c   Code   RO         1559    x$fpl$drleqf        fz_wm.l(drleqf.o)
    0x080100e0   0x00000016   Code   RO         1536    x$fpl$drsb          fz_wm.l(daddsub_clz.o)
    0x080100f6   0x00000002   PAD
    0x080100f8   0x00000198   Code   RO         1896    x$fpl$dsqrt         fz_wm.l(dsqrt_umaal.o)
    0x08010290   0x000001d4   Code   RO         1537    x$fpl$dsub          fz_wm.l(daddsub_clz.o)
    0x08010464   0x00000056   Code   RO         1561    x$fpl$f2d           fz_wm.l(f2d.o)
    0x080104ba   0x0000008c   Code   RO         1898    x$fpl$fnaninf       fz_wm.l(fnaninf.o)
    0x08010546   0x0000000a   Code   RO         2103    x$fpl$fpinit        fz_wm.l(fpinit.o)
    0x08010550   0x0000000a   Code   RO         1900    x$fpl$fretinf       fz_wm.l(fretinf.o)
    0x0801055a   0x00000064   Code   RO         2157    x$fpl$retnan        fz_wm.l(retnan.o)
    0x080105be   0x0000005c   Code   RO         1904    x$fpl$scalbn        fz_wm.l(scalbn.o)
    0x0801061a   0x00000030   Code   RO         2174    x$fpl$trapveneer    fz_wm.l(trapv.o)
    0x0801064a   0x00000000   Code   RO         1906    x$fpl$usenofp       fz_wm.l(usenofp.o)
    0x0801064a   0x00000002   PAD
    0x0801064c   0x0000000c   Data   RO          422    .ARM.extab          motion_attitude_algorithm.o
    0x08010658   0x00000024   Data   RO          454    .ARM.extab          icm_20608_g.o
    0x0801067c   0x00000018   Data   RO          573    .ARM.extab          action_math.o
    0x08010694   0x0000003c   Data   RO          616    .ARM.extab          action_matrix.o
    0x080106d0   0x00000068   Data   RO          734    .ARM.extab          action_ahrs.o
    0x08010738   0x00000018   Data   RO          881    .ARM.extab          os_flag.o
    0x08010750   0x0000000c   Data   RO          908    .ARM.extab          os_mem.o
    0x0801075c   0x0000000c   Data   RO          987    .ARM.extab          os_tmr.o
    0x08010768   0x00000014   Data   RO         1253    .ARM.extab          cpprt_w.l(array_new.o)
    0x0801077c   0x00000014   Data   RO         1260    .ARM.extab          cpprt_w.l(new.o)
    0x08010790   0x0000001c   Data   RO         1515    .ARM.extab          cpprt_w.l(arm_exceptions_throw.o)
    0x080107ac   0x00000038   Data   RO         1856    .ARM.extab          cpprt_w.l(arm_exceptions_callunex.o)
    0x080107e4   0x00000074   Data   RO          844    .constdata          os_dbg.o
    0x08010858   0x00000100   Data   RO          861    .constdata          os_core.o
    0x08010958   0x00000050   Data   RO         1566    .constdata          m_wm.l(asin.o)
    0x080109a8   0x00000088   Data   RO         1610    .constdata          m_wm.l(pow.o)
    0x08010a30   0x00000140   Data   RO         1624    .constdata          m_wm.l(powf.o)
    0x08010b70   0x0000000c   Data   RO         1860    .constdata          cpprt_w.l(arm_exceptions_support.o)
    0x08010b7c   0x00000004   PAD
    0x08010b80   0x00000098   Data   RO         1910    .constdata          m_wm.l(atan.o)
    0x08010c18   0x00000030   Data   RO         1922    .constdata          m_wm.l(cos_i.o)
    0x08010c48   0x00000008   Data   RO         1958    .constdata          m_wm.l(qnan.o)
    0x08010c50   0x000000c8   Data   RO         1961    .constdata          m_wm.l(rred.o)
    0x08010d18   0x00000028   Data   RO         1965    .constdata          m_wm.l(sin_i.o)
    0x08010d40   0x0000000c   Data   RO         1360    .constdata__ZTIN10__cxxabiv116__enum_type_infoE  cpprt_w.l(lib_rtti_impl.o)
    0x08010d4c   0x0000000c   Data   RO         1361    .constdata__ZTIN10__cxxabiv117__class_type_infoE  cpprt_w.l(lib_rtti_impl.o)
    0x08010d58   0x0000000c   Data   RO         1364    .constdata__ZTIN10__cxxabiv117__pbase_type_infoE  cpprt_w.l(lib_rtti_impl.o)
    0x08010d64   0x0000000c   Data   RO         1365    .constdata__ZTIN10__cxxabiv119__pointer_type_infoE  cpprt_w.l(lib_rtti_impl.o)
    0x08010d70   0x0000000c   Data   RO         1362    .constdata__ZTIN10__cxxabiv120__si_class_type_infoE  cpprt_w.l(lib_rtti_impl.o)
    0x08010d7c   0x0000000c   Data   RO         1363    .constdata__ZTIN10__cxxabiv121__vmi_class_type_infoE  cpprt_w.l(lib_rtti_impl.o)
    0x08010d88   0x0000000c   Data   RO         1357    .constdata__ZTIN10__cxxabiv123__fundamental_type_infoE  cpprt_w.l(lib_rtti_impl.o)
    0x08010d94   0x0000000c   Data   RO         2079    .constdata__ZTISt10bad_typeid  cpprt_w.l(bad_typeid.o)
    0x08010da0   0x0000000c   Data   RO         2057    .constdata__ZTISt13bad_exception  cpprt_w.l(bad_exception_dtor.o)
    0x08010dac   0x0000000c   Data   RO         1825    .constdata__ZTISt9bad_alloc  cpprt_w.l(bad_alloc_dtor.o)
    0x08010db8   0x00000008   Data   RO         2089    .constdata__ZTISt9exception  cpprt_w.l(exception_dtor.o)
    0x08010dc0   0x00000008   Data   RO         1835    .constdata__ZTISt9type_info  cpprt_w.l(type_info_dtor.o)
    0x08010dc8   0x00000008   Data   RO          667    .constdata__ZTIUt_  action_matrix.o
    0x08010dd0   0x00000008   Data   RO         1413    .constdata__ZTIi    cpprt_w.l(lib_rtti_prim.o)
    0x08010dd8   0x00000008   Data   RO         1383    .constdata__ZTIv    cpprt_w.l(lib_rtti_prim.o)
    0x08010de0   0x00000021   Data   RO         1370    .constdata__ZTSN10__cxxabiv116__enum_type_infoE  cpprt_w.l(lib_rtti_impl.o)
    0x08010e01   0x00000022   Data   RO         1371    .constdata__ZTSN10__cxxabiv117__class_type_infoE  cpprt_w.l(lib_rtti_impl.o)
    0x08010e23   0x00000022   Data   RO         1374    .constdata__ZTSN10__cxxabiv117__pbase_type_infoE  cpprt_w.l(lib_rtti_impl.o)
    0x08010e45   0x00000024   Data   RO         1375    .constdata__ZTSN10__cxxabiv119__pointer_type_infoE  cpprt_w.l(lib_rtti_impl.o)
    0x08010e69   0x00000025   Data   RO         1372    .constdata__ZTSN10__cxxabiv120__si_class_type_infoE  cpprt_w.l(lib_rtti_impl.o)
    0x08010e8e   0x00000026   Data   RO         1373    .constdata__ZTSN10__cxxabiv121__vmi_class_type_infoE  cpprt_w.l(lib_rtti_impl.o)
    0x08010eb4   0x00000028   Data   RO         1367    .constdata__ZTSN10__cxxabiv123__fundamental_type_infoE  cpprt_w.l(lib_rtti_impl.o)
    0x08010edc   0x0000000f   Data   RO         2080    .constdata__ZTSSt10bad_typeid  cpprt_w.l(bad_typeid.o)
    0x08010eeb   0x00000012   Data   RO         2058    .constdata__ZTSSt13bad_exception  cpprt_w.l(bad_exception_dtor.o)
    0x08010efd   0x0000000d   Data   RO         1826    .constdata__ZTSSt9bad_alloc  cpprt_w.l(bad_alloc_dtor.o)
    0x08010f0a   0x0000000d   Data   RO         2090    .constdata__ZTSSt9exception  cpprt_w.l(exception_dtor.o)
    0x08010f17   0x0000000d   Data   RO         1836    .constdata__ZTSSt9type_info  cpprt_w.l(type_info_dtor.o)
    0x08010f24   0x00000004   Data   RO          668    .constdata__ZTSUt_  action_matrix.o
    0x08010f28   0x00000002   Data   RO         1471    .constdata__ZTSi    cpprt_w.l(lib_rtti_prim.o)
    0x08010f2a   0x00000002   Data   RO         1441    .constdata__ZTSv    cpprt_w.l(lib_rtti_prim.o)
    0x08010f2c   0x00000010   Data   RO         1341    .constdata__ZTVN10__cxxabiv116__enum_type_infoE  cpprt_w.l(lib_rtti_impl.o)
    0x08010f3c   0x00000010   Data   RO         1343    .constdata__ZTVN10__cxxabiv117__class_type_infoE  cpprt_w.l(lib_rtti_impl.o)
    0x08010f4c   0x00000010   Data   RO         1345    .constdata__ZTVN10__cxxabiv120__si_class_type_infoE  cpprt_w.l(lib_rtti_impl.o)
    0x08010f5c   0x00000010   Data   RO         1335    .constdata__ZTVN10__cxxabiv123__fundamental_type_infoE  cpprt_w.l(lib_rtti_impl.o)
    0x08010f6c   0x00000014   Data   RO         2078    .constdata__ZTVSt10bad_typeid  cpprt_w.l(bad_typeid.o)
    0x08010f80   0x00000014   Data   RO         2056    .constdata__ZTVSt13bad_exception  cpprt_w.l(bad_exception_dtor.o)
    0x08010f94   0x00000014   Data   RO         1824    .constdata__ZTVSt9bad_alloc  cpprt_w.l(bad_alloc_dtor.o)
    0x08010fa8   0x00000014   Data   RO         2088    .constdata__ZTVSt9exception  cpprt_w.l(exception_dtor.o)
    0x08010fbc   0x00000020   Data   RO         2228    Region$$Table       anon$$obj.o
    0x08010fdc   0x00000004   Data   RO          737    .init_array         action_ahrs.o
    0x08010fe0   0x00000000   Data   RO         1243    .init_array         c_w.l(init_aeabi.o)
    0x08010fe0   0x00000008   Data   RO         1989    .ARM.exidx          c_w.l(__rtentry4.o)
    0x08010fe8   0x00000010   Data   RO            6    .ARM.exidx          main.o
    0x08010ff8   0x00000018   Data   RO          103    .ARM.exidx          task.o
    0x08011010   0x00000008   Data   RO          196    .ARM.exidx          stm32f4xx_it.o
    0x08011018   0x00000038   Data   RO          225    .ARM.exidx          spi.o
    0x08011050   0x00000018   Data   RO          254    .ARM.exidx          timer.o
    0x08011068   0x00000020   Data   RO          305    .ARM.exidx          usart.o
    0x08011088   0x00000010   Data   RO          335    .ARM.exidx          flash.o
    0x08011098   0x00000008   Data   RO          367    .ARM.exidx          customer.o
    0x080110a0   0x00000018   Data   RO          392    .ARM.exidx          system_stm32f4xx.o
    0x080110b8   0x00000048   Data   RO          421    .ARM.exidx          motion_attitude_algorithm.o
    0x08011100   0x00000068   Data   RO          453    .ARM.exidx          icm_20608_g.o
    0x08011168   0x00000018   Data   RO          493    .ARM.exidx          temperature_control.o
    0x08011180   0x00000020   Data   RO          520    .ARM.exidx          vdoff.o
    0x080111a0   0x00000008   Data   RO          549    .ARM.exidx          pos.o
    0x080111a8   0x00000018   Data   RO          571    .ARM.exidx          action_math.o
    0x080111c0   0x00000048   Data   RO          615    .ARM.exidx          action_matrix.o
    0x08011208   0x00000018   Data   RO          732    .ARM.exidx          action_ahrs.o
    0x08011220   0x00000010   Data   RO          810    .ARM.exidx          os_cpu_c.o
    0x08011230   0x00000008   Data   RO          843    .ARM.exidx          os_dbg.o
    0x08011238   0x00000088   Data   RO          859    .ARM.exidx          os_core.o
    0x080112c0   0x00000058   Data   RO          880    .ARM.exidx          os_flag.o
    0x08011318   0x00000018   Data   RO          907    .ARM.exidx          os_mem.o
    0x08011330   0x00000038   Data   RO          934    .ARM.exidx          os_q.o
    0x08011368   0x00000030   Data   RO          947    .ARM.exidx          os_sem.o
    0x08011398   0x00000058   Data   RO          960    .ARM.exidx          os_task.o
    0x080113f0   0x00000018   Data   RO          973    .ARM.exidx          os_time.o
    0x08011408   0x00000050   Data   RO          986    .ARM.exidx          os_tmr.o
    0x08011458   0x00000008   Data   RO         1004    .ARM.exidx          os_apphooks.o
    0x08011460   0x00000020   Data   RO         1027    .ARM.exidx          stm32f4xx_gpio.o
    0x08011480   0x00000020   Data   RO         1050    .ARM.exidx          stm32f4xx_rcc.o
    0x080114a0   0x00000008   Data   RO         1075    .ARM.exidx          misc.o
    0x080114a8   0x00000028   Data   RO         1098    .ARM.exidx          stm32f4xx_spi.o
    0x080114d0   0x00000050   Data   RO         1144    .ARM.exidx          stm32f4xx_tim.o
    0x08011520   0x00000038   Data   RO         1167    .ARM.exidx          stm32f4xx_usart.o
    0x08011558   0x00000040   Data   RO         1190    .ARM.exidx          stm32f4xx_flash.o
    0x08011598   0x00000008   Data   RO         1246    .ARM.exidx          c_w.l(init_aeabi.o)
    0x080115a0   0x00000018   Data   RO         1513    .ARM.exidx          cpprt_w.l(arm_exceptions_throw.o)
    0x080115b8   0x00000008   Data   RO         1523    .ARM.exidx          cpprt_w.l(arm_exceptions_endcatch.o)
    0x080115c0   0x00000008   Data   RO         1526    .ARM.exidx          cpprt_w.l(unwind_pr1.o)
    0x080115c8   0x00000008   Data   RO         1847    .ARM.exidx          cpprt_w.l(arm_exceptions_rethrow.o)
    0x080115d0   0x00000008   Data   RO         1850    .ARM.exidx          cpprt_w.l(arm_exceptions_callterm.o)
    0x080115d8   0x00000008   Data   RO         1854    .ARM.exidx          cpprt_w.l(arm_exceptions_callunex.o)
    0x080115e0   0x00000008   Data   RO         1859    .ARM.exidx          cpprt_w.l(arm_exceptions_support.o)
    0x080115e8   0x00000008   Data   RO         1872    .ARM.exidx          cpprt_w.l(arm_exceptions_bad_typeid.o)
    0x080115f0   0x00000008   Data   RO         1875    .ARM.exidx          cpprt_w.l(arm_exceptions_foreign.o)
    0x080115f8   0x00000008   Data   RO         2028    .ARM.exidx          c_w.l(bsearch.o)
    0x08011600   0x00000008   Data   RO         2095    .ARM.exidx          cpprt_w.l(arm_exceptions_unexpected.o)
    0x08011608   0x00000008   Data   RO          572    .ARM.exidx          action_math.o
    0x08011610   0x00000008   Data   RO         1787    .ARM.exidx          cpprt_w.l(newhandler.o)
    0x08011618   0x00000008   Data   RO          632    .ARM.exidx          action_matrix.o
    0x08011620   0x00000008   Data   RO         1801    .ARM.exidx          cpprt_w.l(rtti.o)
    0x08011628   0x00000008   Data   RO         1802    .ARM.exidx          cpprt_w.l(rtti.o)
    0x08011630   0x00000008   Data   RO         1797    .ARM.exidx          cpprt_w.l(rtti.o)
    0x08011638   0x00000008   Data   RO         1800    .ARM.exidx          cpprt_w.l(rtti.o)
    0x08011640   0x00000008   Data   RO         1804    .ARM.exidx          cpprt_w.l(rtti.o)
    0x08011648   0x00000008   Data   RO         1798    .ARM.exidx          cpprt_w.l(rtti.o)
    0x08011650   0x00000008   Data   RO          656    .ARM.exidx          action_matrix.o
    0x08011658   0x00000008   Data   RO         1252    .ARM.exidx          cpprt_w.l(array_new.o)
    0x08011660   0x00000008   Data   RO         1259    .ARM.exidx          cpprt_w.l(new.o)
    0x08011668   0x00000008   Data   RO         1520    .ARM.exidx          cpprt_w.l(arm_exceptions_throw.o)
    0x08011670   0x00000008   Data   RO         1266    .ARM.exidx          cpprt_w.l(cxa_guard_acquire.o)
    0x08011678   0x00000008   Data   RO         1799    .ARM.exidx          cpprt_w.l(rtti.o)
    0x08011680   0x00000008   Data   RO         1803    .ARM.exidx          cpprt_w.l(rtti.o)


    Execution Region RW_IRAM1 (Base: 0x20000000, Size: 0x000174a8, Max: 0x00020000, ABSOLUTE, COMPRESSED[0x00000058])

    Base Addr    Size         Type   Attr      Idx    E Section Name        Object

    0x20000000   0x00000004   Data   RW          105    .data               task.o
    0x20000004   0x0000000c   Data   RW          197    .data               stm32f4xx_it.o
    0x20000010   0x00000001   Data   RW          255    .data               timer.o
    0x20000011   0x00000003   PAD
    0x20000014   0x00000009   Data   RW          337    .data               flash.o
    0x2000001d   0x00000003   PAD
    0x20000020   0x00000004   Data   RW          368    .data               customer.o
    0x20000024   0x00000014   Data   RW          393    .data               system_stm32f4xx.o
    0x20000038   0x000000e0   Data   RW          424    .data               motion_attitude_algorithm.o
    0x20000118   0x0000000c   Data   RW          456    .data               icm_20608_g.o
    0x20000124   0x00000004   PAD
    0x20000128   0x00000028   Data   RW          494    .data               temperature_control.o
    0x20000150   0x00000025   Data   RW          522    .data               vdoff.o
    0x20000175   0x00000003   PAD
    0x20000178   0x0000001c   Data   RW          550    .data               pos.o
    0x20000194   0x00000008   Data   RW          574    .data               action_math.o
    0x2000019c   0x00000028   Data   RW          736    .data               action_ahrs.o
    0x200001c4   0x00000006   Data   RW          812    .data               os_cpu_c.o
    0x200001ca   0x00000002   PAD
    0x200001cc   0x00000060   Data   RW          862    .data               os_core.o
    0x2000022c   0x00000010   Data   RW         1051    .data               stm32f4xx_rcc.o
    0x2000023c   0x00008800   Zero   RW            7    .bss                main.o
    0x20008a3c   0x00008800   Zero   RW          104    .bss                task.o
    0x2001123c   0x00001c20   Zero   RW          336    .bss                flash.o
    0x20012e5c   0x00000380   Zero   RW          423    .bss                motion_attitude_algorithm.o
    0x200131dc   0x00000018   Zero   RW          455    .bss                icm_20608_g.o
    0x200131f4   0x0000000c   Zero   RW          521    .bss                vdoff.o
    0x20013200   0x000000c0   Zero   RW          735    .bss                action_ahrs.o
    0x200132c0   0x00000200   Zero   RW          811    .bss                os_cpu_c.o
    0x200134c0   0x00001b88   Zero   RW          860    .bss                os_core.o
    0x20015048   0x00000060   Zero   RW         1971    .bss                c_w.l(libspace.o)
    0x200150a8   0x00002000   Zero   RW          799    HEAP                startup_stm32f4xx.o
    0x200170a8   0x00000400   Zero   RW          798    STACK               startup_stm32f4xx.o


==============================================================================

Image component sizes


      Code (inc. data)   RO Data    RW Data    ZI Data      Debug   Object Name

      1988        198        132         40        192      13035   action_ahrs.o
       626         10         56          8          0       8805   action_math.o
      2548         28        160          0          0      14656   action_matrix.o
       180          8          8          4          0       1399   customer.o
       212         26         16          9       7200       8494   flash.o
      2740        144        140         12         24       5845   icm_20608_g.o
       116         16         16          0      34816     230674   main.o
       224         20          8          0          0       2085   misc.o
      6792        392         84        224        896      12041   motion_attitude_algorithm.o
        18          0          8          0          0       1575   os_apphooks.o
      3420        294        392         96       7048      19707   os_core.o
       184         32          0          0          0        360   os_cpu_a.o
       712         28         16          6        512      12635   os_cpu_c.o
       348        230        124          0          0       3570   os_dbg.o
      2148         44        112          0          0       7456   os_flag.o
       600         16         36          0          0       3628   os_mem.o
      1620         34         56          0          0       6133   os_q.o
       992         22         48          0          0       4286   os_sem.o
      2316         76         88          0          0       8609   os_task.o
       468         28         24          0          0       1994   os_time.o
      1764        134         92          0          0       6021   os_tmr.o
       632         50          8         28          0       1780   pos.o
      1120         32         56          0          0      24943   spi.o
        80         32        392          0       9216        916   startup_stm32f4xx.o
      1212         26         64          0          0       7353   stm32f4xx_flash.o
       604         36         32          0          0       4389   stm32f4xx_gpio.o
       692         48          8         12          0       3026   stm32f4xx_it.o
      1416         48         32         16          0      11395   stm32f4xx_rcc.o
      1016         22         40          0          0       7109   stm32f4xx_spi.o
      3234         60         80          0          0      23280   stm32f4xx_tim.o
      1086         26         56          0          0       8192   stm32f4xx_usart.o
       528         46         24         20          0       2047   system_stm32f4xx.o
       264         38         24          4      34816      42036   task.o
       664         74         24         40          0       1716   temperature_control.o
      1388         16         24          1          0       3244   timer.o
       664         10         32          0          0       3323   usart.o
      1424        224         32         37         12       3544   vdoff.o

    ----------------------------------------------------------------------
     46046       2568       2576        572      94732     521301   Object Totals
         0          0         32          0          0          0   (incl. Generated)
         6          0          0         15          0          0   (incl. Padding)

    ----------------------------------------------------------------------

      Code (inc. data)   RO Data    RW Data    ZI Data      Debug   Library Member Name

        90          0          0          0          0          0   __dczerorl2.o
         8          0          0          0          0         68   __main.o
         0          0          0          0          0          0   __rtentry.o
        12          0          0          0          0          0   __rtentry2.o
         6          0          8          0          0          0   __rtentry4.o
        52          8          0          0          0          0   __scatter.o
        28          0          0          0          0          0   __scatter_zi.o
        22          0          0          0          0        100   _rserrno.o
        22          0          0          0          0         80   abort.o
        80          0          8          0          0         88   bsearch.o
        48         34          0          0          0         76   defsig_abrt_inner.o
        14          0          0          0          0         80   defsig_abrt_outer.o
        10          0          0          0          0         68   defsig_exit.o
        50          0          0          0          0         88   defsig_general.o
        80         58          0          0          0         76   defsig_rtmem_inner.o
        14          0          0          0          0         80   defsig_rtmem_outer.o
        18          0          0          0          0         80   exit.o
        94          0          0          0          0         80   h1_alloc.o
        52          0          0          0          0         68   h1_extend.o
        78          0          0          0          0         80   h1_free.o
        14          0          0          0          0         84   h1_init.o
         6          0          0          0          0        152   heapauxi.o
         4          0          0          0          0        136   hguard.o
         0          0          0          0          0          0   indicate_semi.o
        36         10          8          0          0         80   init_aeabi.o
       138          0          0          0          0        168   init_alloc.o
         2          0          0          0          0          0   libinit.o
        18          0          0          0          0          0   libinit2.o
         2          0          0          0          0          0   libshutdown.o
         2          0          0          0          0          0   libshutdown2.o
         8          4          0          0         96         68   libspace.o
         0          0          0          0          0          0   maybetermalloc1.o
         8          4          0          0          0         68   rt_eh_globals_addr_intlibspace.o
         8          4          0          0          0         68   rt_errno_addr_intlibspace.o
         8          4          0          0          0         68   rt_heap_descriptor_intlibspace.o
       100          0          0          0          0         80   rt_memcpy_w.o
         8          4          0          0          0         68   rt_new_handler_addr_intlibspace.o
         2          0          0          0          0          0   rtexit.o
        10          0          0          0          0          0   rtexit2.o
        12          4          0          0          0         68   sys_exit.o
        74          0          0          0          0         80   sys_stackheap_outer.o
        14          0          0          0          0         76   sys_wrch.o
         2          0          0          0          0         68   use_no_semi.o
        96         14          0          0          0         80   arm_exceptions_alloc.o
        48         10          8          0          0         80   arm_exceptions_bad_typeid.o
        72          0          0          0          0         80   arm_exceptions_begincatch.o
        56          0          8          0          0        108   arm_exceptions_callterm.o
       220          8         64          0          0         92   arm_exceptions_callunex.o
       156          0          0          0          0        176   arm_exceptions_cleanup.o
        74          0          8          0          0         92   arm_exceptions_endcatch.o
        66          0          8          0          0         80   arm_exceptions_foreign.o
        34          0          0          0          0         84   arm_exceptions_free.o
        80         12          0          0          0        104   arm_exceptions_globs.o
        60          0          0          0          0        108   arm_exceptions_mem.o
        82          0          8          0          0         80   arm_exceptions_rethrow.o
        44          6         20          0          0         92   arm_exceptions_support.o
        26          0          0          0          0         76   arm_exceptions_terminate.o
       440         20         60          0          0        240   arm_exceptions_throw.o
        30          0          8          0          0         92   arm_exceptions_unexpected.o
         8          0          0          0          0         76   array_del.o
         8          0         28          0          0         76   array_new.o
        16          4          0          0          0         76   bad_alloc_cctor.o
        16          4          0          0          0         76   bad_alloc_ctor.o
        22          0         45          0          0        156   bad_alloc_dtor.o
        16          4          0          0          0         76   bad_exception_cctor.o
        16          4          0          0          0         76   bad_exception_ctor.o
        22          0         50          0          0        156   bad_exception_dtor.o
        54          8         47          0          0        308   bad_typeid.o
        16          0          8          0          0         68   cxa_guard_acquire.o
         8          0          0          0          0         76   delete.o
        12          6          0          0          0         68   exception_cctor.o
        12          6          0          0          0         68   exception_ctor.o
         0          0         41          0          0          0   exception_dtor.o
         0          0        400          0          0          0   lib_rtti_impl.o
         0          0         20          0          0          0   lib_rtti_prim.o
        40          6         28          0          0         76   new.o
        48         10          8          0          0         80   newhandler.o
      1238         42         64          0          0        704   rtti.o
         0          0         21          0          0          0   type_info_dtor.o
        32          0          0          0          0         80   type_info_eq.o
        32          0          0          0          0         80   type_info_ne.o
         4          0          0          0          0         68   unwind_activity.o
        14          0          0          0          0         68   unwind_delete.o
         6          0          0          0          0         68   unwind_pr0.o
         6          0          8          0          0         68   unwind_pr1.o
      1528          6          0          0          0        116   unwind_prcommon.o
      1096         34          0          0          0        484   unwinder.o
        24          0          0          0          0        164   basic.o
        98          4          0          0          0        140   d2f.o
       826         16          0          0          0        492   daddsub_clz.o
        16          4          0          0          0        116   dcheck1.o
        24          0          0          0          0        116   dcmpi.o
       688        140          0          0          0        256   ddiv.o
        94          4          0          0          0        140   dfix.o
        90          4          0          0          0        140   dfixu.o
        84          0          0          0          0        232   dflt_clz.o
       120          4          0          0          0        140   dleqf.o
       340         12          0          0          0        152   dmul.o
       156          4          0          0          0        140   dnaninf.o
        12          0          0          0          0        116   dretinf.o
       108          0          0          0          0        128   drleqf.o
       408         56          0          0          0        168   dsqrt_umaal.o
        86          4          0          0          0        132   f2d.o
       140          4          0          0          0        132   fnaninf.o
        10          0          0          0          0        116   fpinit.o
        10          0          0          0          0        116   fretinf.o
       100          0          0          0          0        116   retnan.o
        92          0          0          0          0        116   scalbn.o
        48          0          0          0          0        116   trapv.o
         0          0          0          0          0          0   usenofp.o
       864         94         80          0          0        280   asin.o
       744        106        152          0          0        352   atan.o
       496         64          0          0          0        192   atan2.o
       200         20          0          0          0        164   cos.o
       368         46         48          0          0        200   cos_i.o
       184         44          0          0          0        744   dunder.o
        44          0          0          0          0        248   fabs.o
        48          0          0          0          0        124   fpclassify.o
        38          0          0          0          0        116   fpclassifyf.o
        74         24          0          0          0        580   funder.o
       248          0          0          0          0        152   poly.o
      3152        296        136          0          0        352   pow.o
      1636        110        320          0          0        372   powf.o
         0          0          8          0          0          0   qnan.o
      1080        142        200          0          0        188   rred.o
       200         20          0          0          0        164   sin.o
       304         24         40          0          0        208   sin_i.o
       232          0          0          0          0        296   sqrt.o
        58          0          0          0          0        136   sqrtf.o

    ----------------------------------------------------------------------
     20710       1592       1972          0         96      15708   Library Totals
        58          8          4          0          0          0   (incl. Padding)

    ----------------------------------------------------------------------

      Code (inc. data)   RO Data    RW Data    ZI Data      Debug   Library Name

      1254        134         24          0         96       2444   c_w.l
      5854        204        960          0          0       4912   cpprt_w.l
      3574        256          0          0          0       3484   fz_wm.l
      9970        990        984          0          0       4868   m_wm.l

    ----------------------------------------------------------------------
     20710       1592       1972          0         96      15708   Library Totals

    ----------------------------------------------------------------------

==============================================================================


      Code (inc. data)   RO Data    RW Data    ZI Data      Debug   

     66756       4160       4548        572      94828     519697   Grand Totals
     66756       4160       4548         88      94828     519697   ELF Image Totals (compressed)
     66756       4160       4548         88          0          0   ROM Totals

==============================================================================

    Total RO  Size (Code + RO Data)                71304 (  69.63kB)
    Total RW  Size (RW Data + ZI Data)             95400 (  93.16kB)
    Total ROM Size (Code + RO Data + RW Data)      71392 (  69.72kB)

==============================================================================

